Archive member included to satisfy reference by file (symbol)

C:/ST/STM32CubeIDE_2.0.0/STM32CubeIDE/plugins/com.st.stm32cube.ide.mcu.externaltools.gnu-tools-for-stm32.14.3.rel1.win32_1.0.100.202602081740/tools/bin/../lib/gcc/arm-none-eabi/14.3.1/../../../../arm-none-eabi/lib/thumb/v7-m/nofp\libc_nano.a(libc_a-exit.o)
                              C:/ST/STM32CubeIDE_2.0.0/STM32CubeIDE/plugins/com.st.stm32cube.ide.mcu.externaltools.gnu-tools-for-stm32.14.3.rel1.win32_1.0.100.202602081740/tools/bin/../lib/gcc/arm-none-eabi/14.3.1/../../../../arm-none-eabi/lib/thumb/v7-m/nofp/crt0.o (exit)
C:/ST/STM32CubeIDE_2.0.0/STM32CubeIDE/plugins/com.st.stm32cube.ide.mcu.externaltools.gnu-tools-for-stm32.14.3.rel1.win32_1.0.100.202602081740/tools/bin/../lib/gcc/arm-none-eabi/14.3.1/../../../../arm-none-eabi/lib/thumb/v7-m/nofp\libc_nano.a(libc_a-findfp.o)
                              C:/ST/STM32CubeIDE_2.0.0/STM32CubeIDE/plugins/com.st.stm32cube.ide.mcu.externaltools.gnu-tools-for-stm32.14.3.rel1.win32_1.0.100.202602081740/tools/bin/../lib/gcc/arm-none-eabi/14.3.1/../../../../arm-none-eabi/lib/thumb/v7-m/nofp\libc_nano.a(libc_a-exit.o) (__stdio_exit_handler)
C:/ST/STM32CubeIDE_2.0.0/STM32CubeIDE/plugins/com.st.stm32cube.ide.mcu.externaltools.gnu-tools-for-stm32.14.3.rel1.win32_1.0.100.202602081740/tools/bin/../lib/gcc/arm-none-eabi/14.3.1/../../../../arm-none-eabi/lib/thumb/v7-m/nofp\libc_nano.a(libc_a-fwalk.o)
                              C:/ST/STM32CubeIDE_2.0.0/STM32CubeIDE/plugins/com.st.stm32cube.ide.mcu.externaltools.gnu-tools-for-stm32.14.3.rel1.win32_1.0.100.202602081740/tools/bin/../lib/gcc/arm-none-eabi/14.3.1/../../../../arm-none-eabi/lib/thumb/v7-m/nofp\libc_nano.a(libc_a-findfp.o) (_fwalk_sglue)
C:/ST/STM32CubeIDE_2.0.0/STM32CubeIDE/plugins/com.st.stm32cube.ide.mcu.externaltools.gnu-tools-for-stm32.14.3.rel1.win32_1.0.100.202602081740/tools/bin/../lib/gcc/arm-none-eabi/14.3.1/../../../../arm-none-eabi/lib/thumb/v7-m/nofp\libc_nano.a(libc_a-sprintf.o)
                              ./Application/User/Core/main.o (sprintf)
C:/ST/STM32CubeIDE_2.0.0/STM32CubeIDE/plugins/com.st.stm32cube.ide.mcu.externaltools.gnu-tools-for-stm32.14.3.rel1.win32_1.0.100.202602081740/tools/bin/../lib/gcc/arm-none-eabi/14.3.1/../../../../arm-none-eabi/lib/thumb/v7-m/nofp\libc_nano.a(libc_a-stdio.o)
                              C:/ST/STM32CubeIDE_2.0.0/STM32CubeIDE/plugins/com.st.stm32cube.ide.mcu.externaltools.gnu-tools-for-stm32.14.3.rel1.win32_1.0.100.202602081740/tools/bin/../lib/gcc/arm-none-eabi/14.3.1/../../../../arm-none-eabi/lib/thumb/v7-m/nofp\libc_nano.a(libc_a-findfp.o) (__sread)
C:/ST/STM32CubeIDE_2.0.0/STM32CubeIDE/plugins/com.st.stm32cube.ide.mcu.externaltools.gnu-tools-for-stm32.14.3.rel1.win32_1.0.100.202602081740/tools/bin/../lib/gcc/arm-none-eabi/14.3.1/../../../../arm-none-eabi/lib/thumb/v7-m/nofp\libc_nano.a(libc_a-memset.o)
                              C:/ST/STM32CubeIDE_2.0.0/STM32CubeIDE/plugins/com.st.stm32cube.ide.mcu.externaltools.gnu-tools-for-stm32.14.3.rel1.win32_1.0.100.202602081740/tools/bin/../lib/gcc/arm-none-eabi/14.3.1/../../../../arm-none-eabi/lib/thumb/v7-m/nofp/crt0.o (memset)
C:/ST/STM32CubeIDE_2.0.0/STM32CubeIDE/plugins/com.st.stm32cube.ide.mcu.externaltools.gnu-tools-for-stm32.14.3.rel1.win32_1.0.100.202602081740/tools/bin/../lib/gcc/arm-none-eabi/14.3.1/../../../../arm-none-eabi/lib/thumb/v7-m/nofp\libc_nano.a(libc_a-strncpy.o)
                              ./Application/User/USB_DEVICE/App/usbd_cdc_if.o (strncpy)
C:/ST/STM32CubeIDE_2.0.0/STM32CubeIDE/plugins/com.st.stm32cube.ide.mcu.externaltools.gnu-tools-for-stm32.14.3.rel1.win32_1.0.100.202602081740/tools/bin/../lib/gcc/arm-none-eabi/14.3.1/../../../../arm-none-eabi/lib/thumb/v7-m/nofp\libc_nano.a(libc_a-closer.o)
                              C:/ST/STM32CubeIDE_2.0.0/STM32CubeIDE/plugins/com.st.stm32cube.ide.mcu.externaltools.gnu-tools-for-stm32.14.3.rel1.win32_1.0.100.202602081740/tools/bin/../lib/gcc/arm-none-eabi/14.3.1/../../../../arm-none-eabi/lib/thumb/v7-m/nofp\libc_nano.a(libc_a-stdio.o) (_close_r)
C:/ST/STM32CubeIDE_2.0.0/STM32CubeIDE/plugins/com.st.stm32cube.ide.mcu.externaltools.gnu-tools-for-stm32.14.3.rel1.win32_1.0.100.202602081740/tools/bin/../lib/gcc/arm-none-eabi/14.3.1/../../../../arm-none-eabi/lib/thumb/v7-m/nofp\libc_nano.a(libc_a-reent.o)
                              C:/ST/STM32CubeIDE_2.0.0/STM32CubeIDE/plugins/com.st.stm32cube.ide.mcu.externaltools.gnu-tools-for-stm32.14.3.rel1.win32_1.0.100.202602081740/tools/bin/../lib/gcc/arm-none-eabi/14.3.1/../../../../arm-none-eabi/lib/thumb/v7-m/nofp\libc_nano.a(libc_a-closer.o) (errno)
C:/ST/STM32CubeIDE_2.0.0/STM32CubeIDE/plugins/com.st.stm32cube.ide.mcu.externaltools.gnu-tools-for-stm32.14.3.rel1.win32_1.0.100.202602081740/tools/bin/../lib/gcc/arm-none-eabi/14.3.1/../../../../arm-none-eabi/lib/thumb/v7-m/nofp\libc_nano.a(libc_a-impure.o)
[...]
Memory Configuration

Name             Origin             Length             Attributes
RAM              0x20000000         0x00005000         xrw
FLASH            0x08000000         0x00010000         xr
*default*        0x00000000         0xffffffff

Linker script and memory map

LOAD C:/ST/STM32CubeIDE_2.0.0/STM32CubeIDE/plugins/com.st.stm32cube.ide.mcu.externaltools.gnu-tools-for-stm32.14.3.rel1.win32_1.0.100.202602081740/tools/bin/../lib/gcc/arm-none-eabi/14.3.1/thumb/v7-m/nofp/crti.o
LOAD C:/ST/STM32CubeIDE_2.0.0/STM32CubeIDE/plugins/com.st.stm32cube.ide.mcu.externaltools.gnu-tools-for-stm32.14.3.rel1.win32_1.0.100.202602081740/tools/bin/../lib/gcc/arm-none-eabi/14.3.1/thumb/v7-m/nofp/crtbegin.o
LOAD C:/ST/STM32CubeIDE_2.0.0/STM32CubeIDE/plugins/com.st.stm32cube.ide.mcu.externaltools.gnu-tools-for-stm32.14.3.rel1.win32_1.0.100.202602081740/tools/bin/../lib/gcc/arm-none-eabi/14.3.1/../../../../arm-none-eabi/lib/thumb/v7-m/nofp/crt0.o
LOAD ./Application/User/Core/main.o
LOAD ./Application/User/Core/stm32f1xx_hal_msp.o
LOAD ./Application/User/Core/stm32f1xx_it.o
LOAD ./Application/User/Core/syscalls.o
LOAD ./Application/User/Core/sysmem.o
LOAD ./Application/User/Core/thermocouple.o
LOAD ./Application/User/Startup/startup_stm32f103c8tx.o
LOAD ./Application/User/USB_DEVICE/App/usb_device.o
LOAD ./Application/User/USB_DEVICE/App/usbd_cdc_if.o
LOAD ./Application/User/USB_DEVICE/App/usbd_desc.o
LOAD ./Application/User/USB_DEVICE/Target/usbd_conf.o
LOAD ./Drivers/CMSIS/system_stm32f1xx.o
LOAD ./Drivers/STM32F1xx_HAL_Driver/stm32f1xx_hal.o
LOAD ./Drivers/STM32F1xx_HAL_Driver/stm32f1xx_hal_adc.o
LOAD ./Drivers/STM32F1xx_HAL_Driver/stm32f1xx_hal_adc_ex.o
LOAD ./Drivers/STM32F1xx_HAL_Driver/stm32f1xx_hal_cortex.o
LOAD ./Drivers/STM32F1xx_HAL_Driver/stm32f1xx_hal_dma.o
LOAD ./Drivers/STM32F1xx_HAL_Driver/stm32f1xx_hal_exti.o
LOAD ./Drivers/STM32F1xx_HAL_Driver/stm32f1xx_hal_flash.o
LOAD ./Drivers/STM32F1xx_HAL_Driver/stm32f1xx_hal_flash_ex.o
LOAD ./Drivers/STM32F1xx_HAL_Driver/stm32f1xx_hal_gpio.o
LOAD ./Drivers/STM32F1xx_HAL_Driver/stm32f1xx_hal_gpio_ex.o
LOAD ./Drivers/STM32F1xx_HAL_Driver/stm32f1xx_hal_pcd.o
LOAD ./Drivers/STM32F1xx_HAL_Driver/stm32f1xx_hal_pcd_ex.o
LOAD ./Drivers/STM32F1xx_HAL_Driver/stm32f1xx_hal_pwr.o
LOAD ./Drivers/STM32F1xx_HAL_Driver/stm32f1xx_hal_rcc.o
LOAD ./Drivers/STM32F1xx_HAL_Driver/stm32f1xx_hal_rcc_ex.o
LOAD ./Drivers/STM32F1xx_HAL_Driver/stm32f1xx_hal_spi.o
LOAD ./Drivers/STM32F1xx_HAL_Driver/stm32f1xx_hal_tim.o
LOAD ./Drivers/STM32F1xx_HAL_Driver/stm32f1xx_hal_tim_ex.o
LOAD ./Drivers/STM32F1xx_HAL_Driver/stm32f1xx_ll_usb.o
LOAD ./Middlewares/USB_Device_Library/usbd_cdc.o
LOAD ./Middlewares/USB_Device_Library/usbd_core.o
LOAD ./Middlewares/USB_Device_Library/usbd_ctlreq.o
LOAD ./Middlewares/USB_Device_Library/usbd_ioreq.o
START GROUP
LOAD C:/ST/STM32CubeIDE_2.0.0/STM32CubeIDE/plugins/com.st.stm32cube.ide.mcu.externaltools.gnu-tools-for-stm32.14.3.rel1.win32_1.0.100.202602081740/tools/bin/../lib/gcc/arm-none-eabi/14.3.1/../../../../arm-none-eabi/lib/thumb/v7-m/nofp\libc_nano.a
LOAD C:/ST/STM32CubeIDE_2.0.0/STM32CubeIDE/plugins/com.st.stm32cube.ide.mcu.externaltools.gnu-tools-for-stm32.14.3.rel1.win32_1.0.100.202602081740/tools/bin/../lib/gcc/arm-none-eabi/14.3.1/../../../../arm-none-eabi/lib/thumb/v7-m/nofp\libm.a
END GROUP
START GROUP
LOAD C:/ST/STM32CubeIDE_2.0.0/STM32CubeIDE/plugins/com.st.stm32cube.ide.mcu.externaltools.gnu-tools-for-stm32.14.3.rel1.win32_1.0.100.202602081740/tools/bin/../lib/gcc/arm-none-eabi/14.3.1/thumb/v7-m/nofp\libgcc.a
LOAD C:/ST/STM32CubeIDE_2.0.0/STM32CubeIDE/plugins/com.st.stm32cube.ide.mcu.externaltools.gnu-tools-for-stm32.14.3.rel1.win32_1.0.100.202602081740/tools/bin/../lib/gcc/arm-none-eabi/14.3.1/../../../../arm-none-eabi/lib/thumb/v7-m/nofp\libc_nano.a
END GROUP
START GROUP
LOAD C:/ST/STM32CubeIDE_2.0.0/STM32CubeIDE/plugins/com.st.stm32cube.ide.mcu.externaltools.gnu-tools-for-stm32.14.3.rel1.win32_1.0.100.202602081740/tools/bin/../lib/gcc/arm-none-eabi/14.3.1/thumb/v7-m/nofp\libgcc.a
LOAD C:/ST/STM32CubeIDE_2.0.0/STM32CubeIDE/plugins/com.st.stm32cube.ide.mcu.externaltools.gnu-tools-for-stm32.14.3.rel1.win32_1.0.100.202602081740/tools/bin/../lib/gcc/arm-none-eabi/14.3.1/../../../../arm-none-eabi/lib/thumb/v7-m/nofp\libc_nano.a
LOAD C:/ST/STM32CubeIDE_2.0.0/STM32CubeIDE/plugins/com.st.stm32cube.ide.mcu.externaltools.gnu-tools-for-stm32.14.3.rel1.win32_1.0.100.202602081740/tools/bin/../lib/gcc/arm-none-eabi/14.3.1/../../../../arm-none-eabi/lib/thumb/v7-m/nofp\libnosys.a
END GROUP
START GROUP
LOAD C:/ST/STM32CubeIDE_2.0.0/STM32CubeIDE/plugins/com.st.stm32cube.ide.mcu.externaltools.gnu-tools-for-stm32.14.3.rel1.win32_1.0.100.202602081740/tools/bin/../lib/gcc/arm-none-eabi/14.3.1/thumb/v7-m/nofp\libgcc.a
LOAD C:/ST/STM32CubeIDE_2.0.0/STM32CubeIDE/plugins/com.st.stm32cube.ide.mcu.externaltools.gnu-tools-for-stm32.14.3.rel1.win32_1.0.100.202602081740/tools/bin/../lib/gcc/arm-none-eabi/14.3.1/../../../../arm-none-eabi/lib/thumb/v7-m/nofp\libc_nano.a
LOAD C:/ST/STM32CubeIDE_2.0.0/STM32CubeIDE/plugins/com.st.stm32cube.ide.mcu.externaltools.gnu-tools-for-stm32.14.3.rel1.win32_1.0.100.202602081740/tools/bin/../lib/gcc/arm-none-eabi/14.3.1/../../../../arm-none-eabi/lib/thumb/v7-m/nofp\libnosys.a
END GROUP
LOAD C:/ST/STM32CubeIDE_2.0.0/STM32CubeIDE/plugins/com.st.stm32cube.ide.mcu.externaltools.gnu-tools-for-stm32.14.3.rel1.win32_1.0.100.202602081740/tools/bin/../lib/gcc/arm-none-eabi/14.3.1/thumb/v7-m/nofp/crtend.o
LOAD C:/ST/STM32CubeIDE_2.0.0/STM32CubeIDE/plugins/com.st.stm32cube.ide.mcu.externaltools.gnu-tools-for-stm32.14.3.rel1.win32_1.0.100.202602081740/tools/bin/../lib/gcc/arm-none-eabi/14.3.1/thumb/v7-m/nofp/crtn.o
                0x20005000                        _estack = (ORIGIN (RAM) + LENGTH (RAM))
                0x00000200                        _Min_Heap_Size = 0x200
                0x00000400                        _Min_Stack_Size = 0x400

.isr_vector     0x08000000      0x10c
                0x08000000                        . = ALIGN (0x4)
 *(.isr_vector)
 .isr_vector    0x08000000      0x10c ./Application/User/Startup/startup_stm32f103c8tx.o
                0x08000000                g_pfnVectors
                0x0800010c                        . = ALIGN (0x4)

.text           0x0800010c     0x5128
                0x0800010c                        . = ALIGN (0x4)
 *(.text)
 .text          0x0800010c       0x40 C:/ST/STM32CubeIDE_2.0.0/STM32CubeIDE/plugins/com.st.stm32cube.ide.mcu.externaltools.gnu-tools-for-stm32.14.3.rel1.win32_1.0.100.202602081740/tools/bin/../lib/gcc/arm-none-eabi/14.3.1/thumb/v7-m/nofp/crtbegin.o
 .text          0x0800014c       0x10 C:/ST/STM32CubeIDE_2.0.0/STM32CubeIDE/plugins/com.st.stm32cube.ide.mcu.externaltools.gnu-tools-for-stm32.14.3.rel1.win32_1.0.100.202602081740/tools/bin/../lib/gcc/arm-none-eabi/14.3.1/../../../../arm-none-eabi/lib/thumb/v7-m/nofp\libc_nano.a(libc_a-strlen.o)
                0x0800014c                strlen
 .text          0x0800015c      0x21c C:/ST/STM32CubeIDE_2.0.0/STM32CubeIDE/plugins/com.st.stm32cube.ide.mcu.externaltools.gnu-tools-for-stm32.14.3.rel1.win32_1.0.100.202602081740/tools/bin/../lib/gcc/arm-none-eabi/14.3.1/thumb/v7-m/nofp\libgcc.a(_arm_addsubsf3.o)
                0x0800015c                __aeabi_frsub
                0x08000164                __subsf3
                0x08000164                __aeabi_fsub
                0x08000168                __aeabi_fadd
                0x08000168                __addsf3
                0x080002c8                __aeabi_ui2f
                0x080002c8                __floatunsisf
                0x080002d0                __aeabi_i2f
                0x080002d0                __floatsisf
                0x080002ec                __aeabi_ul2f
                0x080002ec                __floatundisf
                0x080002fc                __aeabi_l2f
                0x080002fc                __floatdisf
 .text          0x08000378      0x2a0 C:/ST/STM32CubeIDE_2.0.0/STM32CubeIDE/plugins/com.st.stm32cube.ide.mcu.externaltools.gnu-tools-for-stm32.14.3.rel1.win32_1.0.100.202602081740/tools/bin/../lib/gcc/arm-none-eabi/14.3.1/thumb/v7-m/nofp\libgcc.a(_arm_muldivsf3.o)
                0x08000378                __mulsf3
                0x08000378                __aeabi_fmul
                0x080004e0                __aeabi_fdiv
                0x080004e0                __divsf3
 .text          0x08000618       0xec C:/ST/STM32CubeIDE_2.0.0/STM32CubeIDE/plugins/com.st.stm32cube.ide.mcu.externaltools.gnu-tools-for-stm32.14.3.rel1.win32_1.0.100.202602081740/tools/bin/../lib/gcc/arm-none-eabi/14.3.1/thumb/v7-m/nofp\libgcc.a(_arm_cmpsf2.o)
                0x08000618                __gesf2
                0x08000618                __gtsf2
                0x08000620                __lesf2
                0x08000620                __ltsf2
                0x08000628                __nesf2
                0x08000628                __eqsf2
                0x08000628                __cmpsf2
                0x08000688                __aeabi_cfrcmple
                0x08000690                __aeabi_cfcmpeq
                0x08000690                __aeabi_cfcmple
                0x080006a0                __aeabi_fcmpeq
                0x080006b4                __aeabi_fcmplt
                0x080006c8                __aeabi_fcmple
                0x080006dc                __aeabi_fcmpge
                0x080006f0                __aeabi_fcmpgt
 .text          0x08000704       0x40 C:/ST/STM32CubeIDE_2.0.0/STM32CubeIDE/plugins/com.st.stm32cube.ide.mcu.externaltools.gnu-tools-for-stm32.14.3.rel1.win32_1.0.100.202602081740/tools/bin/../lib/gcc/arm-none-eabi/14.3.1/thumb/v7-m/nofp\libgcc.a(_arm_fixunssfsi.o)
                0x08000704                __fixunssfsi
                0x08000704                __aeabi_f2uiz
 *(.text*)
 .text.SystemClock_Config
                0x08000744       0x82 ./Application/User/Core/main.o
                0x08000744                SystemClock_Config
 *fill*         0x080007c6        0x2 
 .text.startup.main
                0x080007c8      0x20c ./Application/User/Core/main.o
                0x080007c8                main
 .text.Error_Handler
                0x080009d4        0x4 ./Application/User/Core/main.o
                0x080009d4                Error_Handler
 .text.HAL_MspInit
                0x080009d8       0x30 ./Application/User/Core/stm32f1xx_hal_msp.o
                0x080009d8                HAL_MspInit
 .text.HAL_ADC_MspInit
                0x08000a08       0x5c ./Application/User/Core/stm32f1xx_hal_msp.o
                0x08000a08                HAL_ADC_MspInit
 .text.HAL_SPI_MspInit
                0x08000a64       0x78 ./Application/User/Core/stm32f1xx_hal_msp.o
                0x08000a64                HAL_SPI_MspInit
 .text.NMI_Handler
                0x08000adc        0x2 ./Application/User/Core/stm32f1xx_it.o
                0x08000adc                NMI_Handler
 .text.HardFault_Handler
                0x08000ade        0x2 ./Application/User/Core/stm32f1xx_it.o
                0x08000ade                HardFault_Handler
 .text.MemManage_Handler
                0x08000ae0        0x2 ./Application/User/Core/stm32f1xx_it.o
                0x08000ae0                MemManage_Handler
 .text.BusFault_Handler
                0x08000ae2        0x2 ./Application/User/Core/stm32f1xx_it.o
                0x08000ae2                BusFault_Handler
 .text.UsageFault_Handler
                0x08000ae4        0x2 ./Application/User/Core/stm32f1xx_it.o
                0x08000ae4                UsageFault_Handler
 .text.SVC_Handler
                0x08000ae6        0x2 ./Application/User/Core/stm32f1xx_it.o
                0x08000ae6                SVC_Handler
 .text.DebugMon_Handler
                0x08000ae8        0x2 ./Application/User/Core/stm32f1xx_it.o
                0x08000ae8                DebugMon_Handler
 .text.PendSV_Handler
                0x08000aea        0x2 ./Application/User/Core/stm32f1xx_it.o
                0x08000aea                PendSV_Handler
 .text.SysTick_Handler
                0x08000aec        0x4 ./Application/User/Core/stm32f1xx_it.o
                0x08000aec                SysTick_Handler
 .text.USB_LP_CAN1_RX0_IRQHandler
                0x08000af0        0xc ./Application/User/Core/stm32f1xx_it.o
                0x08000af0                USB_LP_CAN1_RX0_IRQHandler
 .text._sbrk    0x08000afc       0x3c ./Application/User/Core/sysmem.o
                0x08000afc                _sbrk
 .text.SetADC   0x08000b38       0x48 ./Application/User/Core/thermocouple.o
                0x08000b38                SetADC
 .text.SetSPI   0x08000b80       0x4c ./Application/User/Core/thermocouple.o
                0x08000b80                SetSPI
 .text.SetThermocouple
                0x08000bcc       0x20 ./Application/User/Core/thermocouple.o
                0x08000bcc                SetThermocouple
 .text.SetThermistor
                0x08000bec       0x30 ./Application/User/Core/thermocouple.o
                0x08000bec                SetThermistor
 .text.SetMAX6675
                0x08000c1c        0x6 ./Application/User/Core/thermocouple.o
                0x08000c1c                SetMAX6675
 .text.SetTermColdJunc
                0x08000c22       0x14 ./Application/User/Core/thermocouple.o
                0x08000c22                SetTermColdJunc
 *fill*         0x08000c36        0x2 
 .text.GetADC   0x08000c38       0x3c ./Application/User/Core/thermocouple.o
                0x08000c38                GetADC
 .text.GetTempColdJunc
                0x08000c74       0x9e ./Application/User/Core/thermocouple.o
                0x08000c74                GetTempColdJunc
 *fill*         0x08000d12        0x2 
 .text.Get_temperature
                0x08000d14      0x180 ./Application/User/Core/thermocouple.o
                0x08000d14                Get_temperature
 .text.SetVRef  0x08000e94       0x58 ./Application/User/Core/thermocouple.o
                0x08000e94                SetVRef
 .text.Reset_Handler
                0x08000eec       0x48 ./Application/User/Startup/startup_stm32f103c8tx.o
                0x08000eec                Reset_Handler
 .text.Default_Handler
                0x08000f34        0x2 ./Application/User/Startup/startup_stm32f103c8tx.o
                0x08000f34                RTC_Alarm_IRQHandler
                0x08000f34                EXTI2_IRQHandler
                0x08000f34                TIM1_CC_IRQHandler
                0x08000f34                PVD_IRQHandler
                0x08000f34                EXTI3_IRQHandler
                0x08000f34                EXTI0_IRQHandler
                0x08000f34                I2C2_EV_IRQHandler
                0x08000f34                ADC1_2_IRQHandler
                0x08000f34                SPI1_IRQHandler
                0x08000f34                TAMPER_IRQHandler
                0x08000f34                DMA1_Channel4_IRQHandler
                0x08000f34                USART3_IRQHandler
                0x08000f34                RTC_IRQHandler
                0x08000f34                DMA1_Channel7_IRQHandler
                0x08000f34                CAN1_RX1_IRQHandler
                0x08000f34                TIM4_IRQHandler
                0x08000f34                I2C1_EV_IRQHandler
                0x08000f34                DMA1_Channel6_IRQHandler
                0x08000f34                TIM3_IRQHandler
                0x08000f34                RCC_IRQHandler
                0x08000f34                TIM1_TRG_COM_IRQHandler
                0x08000f34                DMA1_Channel1_IRQHandler
                0x08000f34                Default_Handler
                0x08000f34                EXTI15_10_IRQHandler
                0x08000f34                EXTI9_5_IRQHandler
                0x08000f34                SPI2_IRQHandler
                0x08000f34                DMA1_Channel5_IRQHandler
                0x08000f34                EXTI4_IRQHandler
                0x08000f34                USB_HP_CAN1_TX_IRQHandler
                0x08000f34                DMA1_Channel3_IRQHandler
                0x08000f34                TIM1_UP_IRQHandler
                0x08000f34                WWDG_IRQHandler
                0x08000f34                TIM2_IRQHandler
                0x08000f34                TIM1_BRK_IRQHandler
                0x08000f34                EXTI1_IRQHandler
                0x08000f34                USART2_IRQHandler
                0x08000f34                I2C2_ER_IRQHandler
                0x08000f34                DMA1_Channel2_IRQHandler
                0x08000f34                CAN1_SCE_IRQHandler
                0x08000f34                FLASH_IRQHandler
                0x08000f34                USART1_IRQHandler
                0x08000f34                I2C1_ER_IRQHandler
                0x08000f34                USBWakeUp_IRQHandler
 *fill*         0x08000f36        0x2 
 .text.MX_USB_DEVICE_Init
                0x08000f38       0x50 ./Application/User/USB_DEVICE/App/usb_device.o
                0x08000f38                MX_USB_DEVICE_Init
 .text.CDC_DeInit_FS
                0x08000f88        0x4 ./Application/User/USB_DEVICE/App/usbd_cdc_if.o
 .text.CDC_Control_FS
                0x08000f8c        0x4 ./Application/User/USB_DEVICE/App/usbd_cdc_if.o
 .text.CDC_Receive_FS
                0x08000f90       0x34 ./Application/User/USB_DEVICE/App/usbd_cdc_if.o
 .text.CDC_Init_FS
                0x08000fc4       0x24 ./Application/User/USB_DEVICE/App/usbd_cdc_if.o
 .text.CDC_Transmit_FS
                0x08000fe8       0x2c ./Application/User/USB_DEVICE/App/usbd_cdc_if.o
                0x08000fe8                CDC_Transmit_FS
 .text.USBD_FS_DeviceDescriptor
                0x08001014        0xc ./Application/User/USB_DEVICE/App/usbd_desc.o
                0x08001014                USBD_FS_DeviceDescriptor
 .text.USBD_FS_LangIDStrDescriptor
                0x08001020        0xc ./Application/User/USB_DEVICE/App/usbd_desc.o
                0x08001020                USBD_FS_LangIDStrDescriptor
 .text.IntToUnicode
                0x0800102c       0x2a ./Application/User/USB_DEVICE/App/usbd_desc.o
 *fill*         0x08001056        0x2 
 .text.USBD_FS_SerialStrDescriptor
                0x08001058       0x3c ./Application/User/USB_DEVICE/App/usbd_desc.o
                0x08001058                USBD_FS_SerialStrDescriptor
 .text.USBD_FS_ManufacturerStrDescriptor
                0x08001094       0x18 ./Application/User/USB_DEVICE/App/usbd_desc.o
                0x08001094                USBD_FS_ManufacturerStrDescriptor
 .text.USBD_FS_ProductStrDescriptor
                0x080010ac       0x18 ./Application/User/USB_DEVICE/App/usbd_desc.o
                0x080010ac                USBD_FS_ProductStrDescriptor
 .text.USBD_FS_ConfigStrDescriptor
                0x080010c4       0x18 ./Application/User/USB_DEVICE/App/usbd_desc.o
                0x080010c4                USBD_FS_ConfigStrDescriptor
 .text.USBD_FS_InterfaceStrDescriptor
                0x080010dc       0x18 ./Application/User/USB_DEVICE/App/usbd_desc.o
                0x080010dc                USBD_FS_InterfaceStrDescriptor
 .text.USBD_Get_USB_Status
                0x080010f4        0xc ./Application/User/USB_DEVICE/Target/usbd_conf.o
 .text.HAL_PCD_MspInit
                0x08001100       0x40 ./Application/User/USB_DEVICE/Target/usbd_conf.o
                0x08001100                HAL_PCD_MspInit
 .text.HAL_PCD_SetupStageCallback
                0x08001140        0xc ./Application/User/USB_DEVICE/Target/usbd_conf.o
                0x08001140                HAL_PCD_SetupStageCallback
 .text.HAL_PCD_DataOutStageCallback
                0x0800114c       0x12 ./Application/User/USB_DEVICE/Target/usbd_conf.o
                0x0800114c                HAL_PCD_DataOutStageCallback
 .text.HAL_PCD_DataInStageCallback
                0x0800115e       0x10 ./Application/User/USB_DEVICE/Target/usbd_conf.o
                0x0800115e                HAL_PCD_DataInStageCallback
 .text.HAL_PCD_SOFCallback
                0x0800116e        0x8 ./Application/User/USB_DEVICE/Target/usbd_conf.o
                0x0800116e                HAL_PCD_SOFCallback
 .text.HAL_PCD_ResetCallback
                0x08001176       0x24 ./Application/User/USB_DEVICE/Target/usbd_conf.o
                0x08001176                HAL_PCD_ResetCallback
 *fill*         0x0800119a        0x2 
 .text.HAL_PCD_SuspendCallback
                0x0800119c       0x20 ./Application/User/USB_DEVICE/Target/usbd_conf.o
                0x0800119c                HAL_PCD_SuspendCallback
 .text.HAL_PCD_ResumeCallback
                0x080011bc        0x8 ./Application/User/USB_DEVICE/Target/usbd_conf.o
                0x080011bc                HAL_PCD_ResumeCallback
 .text.USBD_LL_Init
                0x080011c4       0x80 ./Application/User/USB_DEVICE/Target/usbd_conf.o
                0x080011c4                USBD_LL_Init
 .text.USBD_LL_Start
                0x08001244       0x12 ./Application/User/USB_DEVICE/Target/usbd_conf.o
                0x08001244                USBD_LL_Start
 .text.USBD_LL_OpenEP
                0x08001256       0x18 ./Application/User/USB_DEVICE/Target/usbd_conf.o
                0x08001256                USBD_LL_OpenEP
 .text.USBD_LL_CloseEP
                0x0800126e       0x12 ./Application/User/USB_DEVICE/Target/usbd_conf.o
                0x0800126e                USBD_LL_CloseEP
 .text.USBD_LL_StallEP
                0x08001280       0x12 ./Application/User/USB_DEVICE/Target/usbd_conf.o
                0x08001280                USBD_LL_StallEP
 .text.USBD_LL_ClearStallEP
                0x08001292       0x12 ./Application/User/USB_DEVICE/Target/usbd_conf.o
                0x08001292                USBD_LL_ClearStallEP
 .text.USBD_LL_IsStallEP
                0x080012a4       0x22 ./Application/User/USB_DEVICE/Target/usbd_conf.o
                0x080012a4                USBD_LL_IsStallEP
 .text.USBD_LL_SetUSBAddress
                0x080012c6       0x12 ./Application/User/USB_DEVICE/Target/usbd_conf.o
                0x080012c6                USBD_LL_SetUSBAddress
 .text.USBD_LL_Transmit
                0x080012d8       0x12 ./Application/User/USB_DEVICE/Target/usbd_conf.o
                0x080012d8                USBD_LL_Transmit
 .text.USBD_LL_PrepareReceive
                0x080012ea       0x12 ./Application/User/USB_DEVICE/Target/usbd_conf.o
                0x080012ea                USBD_LL_PrepareReceive
 .text.USBD_LL_GetRxDataSize
                0x080012fc        0x8 ./Application/User/USB_DEVICE/Target/usbd_conf.o
                0x080012fc                USBD_LL_GetRxDataSize
 .text.USBD_static_malloc
                0x08001304        0x8 ./Application/User/USB_DEVICE/Target/usbd_conf.o
                0x08001304                USBD_static_malloc
 .text.USBD_static_free
                0x0800130c        0x2 ./Application/User/USB_DEVICE/Target/usbd_conf.o
                0x0800130c                USBD_static_free
 .text.HAL_PCDEx_SetConnectionState
                0x0800130e        0x2 ./Application/User/USB_DEVICE/Target/usbd_conf.o
                0x0800130e                HAL_PCDEx_SetConnectionState
 .text.SystemInit
                0x08001310        0x2 ./Drivers/CMSIS/system_stm32f1xx.o
                0x08001310                SystemInit
 *fill*         0x08001312        0x2 
 .text.HAL_InitTick
                0x08001314       0x48 ./Drivers/STM32F1xx_HAL_Driver/stm32f1xx_hal.o
                0x08001314                HAL_InitTick
 .text.HAL_Init
                0x0800135c       0x24 ./Drivers/STM32F1xx_HAL_Driver/stm32f1xx_hal.o
                0x0800135c                HAL_Init
 .text.HAL_IncTick
                0x08001380       0x18 ./Drivers/STM32F1xx_HAL_Driver/stm32f1xx_hal.o
                0x08001380                HAL_IncTick
 .text.HAL_GetTick
                0x08001398        0xc ./Drivers/STM32F1xx_HAL_Driver/stm32f1xx_hal.o
                0x08001398                HAL_GetTick
 .text.HAL_Delay
                0x080013a4       0x24 ./Drivers/STM32F1xx_HAL_Driver/stm32f1xx_hal.o
                0x080013a4                HAL_Delay
 .text.HAL_ADC_PollForConversion
                0x080013c8      0x148 ./Drivers/STM32F1xx_HAL_Driver/stm32f1xx_hal_adc.o
                0x080013c8                HAL_ADC_PollForConversion
 .text.HAL_ADC_GetValue
                0x08001510        0x6 ./Drivers/STM32F1xx_HAL_Driver/stm32f1xx_hal_adc.o
                0x08001510                HAL_ADC_GetValue
 *fill*         0x08001516        0x2 
 .text.HAL_ADC_ConfigChannel
                0x08001518       0xfc ./Drivers/STM32F1xx_HAL_Driver/stm32f1xx_hal_adc.o
                0x08001518                HAL_ADC_ConfigChannel
 .text.ADC_Enable
                0x08001614       0x78 ./Drivers/STM32F1xx_HAL_Driver/stm32f1xx_hal_adc.o
                0x08001614                ADC_Enable
 .text.HAL_ADC_Start
                0x0800168c       0xc4 ./Drivers/STM32F1xx_HAL_Driver/stm32f1xx_hal_adc.o
                0x0800168c                HAL_ADC_Start
 .text.ADC_ConversionStop_Disable
                0x08001750       0x4c ./Drivers/STM32F1xx_HAL_Driver/stm32f1xx_hal_adc.o
                0x08001750                ADC_ConversionStop_Disable
 .text.HAL_ADC_Init
                0x0800179c       0xfc ./Drivers/STM32F1xx_HAL_Driver/stm32f1xx_hal_adc.o
                0x0800179c                HAL_ADC_Init
 .text.HAL_ADC_Stop
                0x08001898       0x34 ./Drivers/STM32F1xx_HAL_Driver/stm32f1xx_hal_adc.o
                0x08001898                HAL_ADC_Stop
 .text.HAL_NVIC_SetPriorityGrouping
                0x080018cc       0x24 ./Drivers/STM32F1xx_HAL_Driver/stm32f1xx_hal_cortex.o
                0x080018cc                HAL_NVIC_SetPriorityGrouping
 .text.HAL_NVIC_SetPriority
                0x080018f0       0x60 ./Drivers/STM32F1xx_HAL_Driver/stm32f1xx_hal_cortex.o
                0x080018f0                HAL_NVIC_SetPriority
 .text.HAL_NVIC_EnableIRQ
                0x08001950       0x1c ./Drivers/STM32F1xx_HAL_Driver/stm32f1xx_hal_cortex.o
                0x08001950                HAL_NVIC_EnableIRQ
 .text.HAL_SYSTICK_Config
                0x0800196c       0x28 ./Drivers/STM32F1xx_HAL_Driver/stm32f1xx_hal_cortex.o
                0x0800196c                HAL_SYSTICK_Config
 .text.HAL_GPIO_Init
                0x08001994      0x1a8 ./Drivers/STM32F1xx_HAL_Driver/stm32f1xx_hal_gpio.o
                0x08001994                HAL_GPIO_Init
 .text.HAL_GPIO_WritePin
                0x08001b3c        0xa ./Drivers/STM32F1xx_HAL_Driver/stm32f1xx_hal_gpio.o
                0x08001b3c                HAL_GPIO_WritePin
 .text.HAL_PCD_Init
                0x08001b46       0xc6 ./Drivers/STM32F1xx_HAL_Driver/stm32f1xx_hal_pcd.o
                0x08001b46                HAL_PCD_Init
 .text.HAL_PCD_Start
                0x08001c0c       0x32 ./Drivers/STM32F1xx_HAL_Driver/stm32f1xx_hal_pcd.o
                0x08001c0c                HAL_PCD_Start
 .text.HAL_PCD_SetAddress
                0x08001c3e       0x26 ./Drivers/STM32F1xx_HAL_Driver/stm32f1xx_hal_pcd.o
                0x08001c3e                HAL_PCD_SetAddress
 .text.HAL_PCD_IRQHandler
                0x08001c64      0x9b4 ./Drivers/STM32F1xx_HAL_Driver/stm32f1xx_hal_pcd.o
                0x08001c64                HAL_PCD_IRQHandler
 .text.HAL_PCD_EP_Open
                0x08002618       0x60 ./Drivers/STM32F1xx_HAL_Driver/stm32f1xx_hal_pcd.o
                0x08002618                HAL_PCD_EP_Open
 .text.HAL_PCD_EP_Close
                0x08002678       0x50 ./Drivers/STM32F1xx_HAL_Driver/stm32f1xx_hal_pcd.o
                0x08002678                HAL_PCD_EP_Close
 .text.HAL_PCD_EP_Receive
                0x080026c8       0x2e ./Drivers/STM32F1xx_HAL_Driver/stm32f1xx_hal_pcd.o
                0x080026c8                HAL_PCD_EP_Receive
 .text.HAL_PCD_EP_GetRxCount
                0x080026f6       0x10 ./Drivers/STM32F1xx_HAL_Driver/stm32f1xx_hal_pcd.o
                0x080026f6                HAL_PCD_EP_GetRxCount
 .text.HAL_PCD_EP_Transmit
                0x08002706       0x30 ./Drivers/STM32F1xx_HAL_Driver/stm32f1xx_hal_pcd.o
                0x08002706                HAL_PCD_EP_Transmit
 .text.HAL_PCD_EP_SetStall
                0x08002736       0x6c ./Drivers/STM32F1xx_HAL_Driver/stm32f1xx_hal_pcd.o
                0x08002736                HAL_PCD_EP_SetStall
 .text.HAL_PCD_EP_ClrStall
                0x080027a2       0x64 ./Drivers/STM32F1xx_HAL_Driver/stm32f1xx_hal_pcd.o
                0x080027a2                HAL_PCD_EP_ClrStall
 .text.HAL_PCDEx_PMAConfig
                0x08002806       0x32 ./Drivers/STM32F1xx_HAL_Driver/stm32f1xx_hal_pcd_ex.o
                0x08002806                HAL_PCDEx_PMAConfig
 .text.HAL_RCC_OscConfig
                0x08002838      0x338 ./Drivers/STM32F1xx_HAL_Driver/stm32f1xx_hal_rcc.o
                0x08002838                HAL_RCC_OscConfig
 .text.HAL_RCC_GetSysClockFreq
                0x08002b70       0x4c ./Drivers/STM32F1xx_HAL_Driver/stm32f1xx_hal_rcc.o
                0x08002b70                HAL_RCC_GetSysClockFreq
 .text.HAL_RCC_ClockConfig
                0x08002bbc      0x138 ./Drivers/STM32F1xx_HAL_Driver/stm32f1xx_hal_rcc.o
                0x08002bbc                HAL_RCC_ClockConfig
 .text.HAL_RCC_GetPCLK2Freq
                0x08002cf4       0x20 ./Drivers/STM32F1xx_HAL_Driver/stm32f1xx_hal_rcc.o
                0x08002cf4                HAL_RCC_GetPCLK2Freq
 .text.HAL_RCCEx_PeriphCLKConfig
                0x08002d14       0xf4 ./Drivers/STM32F1xx_HAL_Driver/stm32f1xx_hal_rcc_ex.o
                0x08002d14                HAL_RCCEx_PeriphCLKConfig
 .text.HAL_RCCEx_GetPeriphCLKFreq
                0x08002e08       0xbc ./Drivers/STM32F1xx_HAL_Driver/stm32f1xx_hal_rcc_ex.o
                0x08002e08                HAL_RCCEx_GetPeriphCLKFreq
 .text.SPI_WaitFlagStateUntilTimeout
                0x08002ec4       0xb8 ./Drivers/STM32F1xx_HAL_Driver/stm32f1xx_hal_spi.o
 .text.SPI_EndRxTxTransaction
                0x08002f7c       0x38 ./Drivers/STM32F1xx_HAL_Driver/stm32f1xx_hal_spi.o
 .text.SPI_EndRxTransaction
                0x08002fb4       0x54 ./Drivers/STM32F1xx_HAL_Driver/stm32f1xx_hal_spi.o
 .text.HAL_SPI_Init
                0x08003008       0xb0 ./Drivers/STM32F1xx_HAL_Driver/stm32f1xx_hal_spi.o
                0x08003008                HAL_SPI_Init
 .text.HAL_SPI_TransmitReceive
                0x080030b8      0x1f8 ./Drivers/STM32F1xx_HAL_Driver/stm32f1xx_hal_spi.o
                0x080030b8                HAL_SPI_TransmitReceive
 .text.HAL_SPI_Receive
                0x080032b0      0x146 ./Drivers/STM32F1xx_HAL_Driver/stm32f1xx_hal_spi.o
                0x080032b0                HAL_SPI_Receive
 .text.USB_CoreInit
                0x080033f6        0xe ./Drivers/STM32F1xx_HAL_Driver/stm32f1xx_ll_usb.o
                0x080033f6                USB_CoreInit
 .text.USB_EnableGlobalInt
                0x08003404       0x12 ./Drivers/STM32F1xx_HAL_Driver/stm32f1xx_ll_usb.o
                0x08003404                USB_EnableGlobalInt
 .text.USB_DisableGlobalInt
                0x08003416       0x14 ./Drivers/STM32F1xx_HAL_Driver/stm32f1xx_ll_usb.o
                0x08003416                USB_DisableGlobalInt
 .text.USB_SetCurrentMode
                0x0800342a        0x4 ./Drivers/STM32F1xx_HAL_Driver/stm32f1xx_ll_usb.o
                0x0800342a                USB_SetCurrentMode
 .text.USB_DevInit
                0x0800342e       0x22 ./Drivers/STM32F1xx_HAL_Driver/stm32f1xx_ll_usb.o
                0x0800342e                USB_DevInit
 .text.USB_ActivateEndpoint
                0x08003450      0x2c0 ./Drivers/STM32F1xx_HAL_Driver/stm32f1xx_ll_usb.o
                0x08003450                USB_ActivateEndpoint
 .text.USB_DeactivateEndpoint
                0x08003710      0x1a6 ./Drivers/STM32F1xx_HAL_Driver/stm32f1xx_ll_usb.o
                0x08003710                USB_DeactivateEndpoint
 .text.USB_EPSetStall
                0x080038b6       0x40 ./Drivers/STM32F1xx_HAL_Driver/stm32f1xx_ll_usb.o
                0x080038b6                USB_EPSetStall
 .text.USB_EPClearStall
                0x080038f6       0x92 ./Drivers/STM32F1xx_HAL_Driver/stm32f1xx_ll_usb.o
                0x080038f6                USB_EPClearStall
 .text.USB_SetDevAddress
                0x08003988        0xc ./Drivers/STM32F1xx_HAL_Driver/stm32f1xx_ll_usb.o
                0x08003988                USB_SetDevAddress
 .text.USB_DevConnect
                0x08003994        0x4 ./Drivers/STM32F1xx_HAL_Driver/stm32f1xx_ll_usb.o
                0x08003994                USB_DevConnect
 .text.USB_DevDisconnect
                0x08003998        0x4 ./Drivers/STM32F1xx_HAL_Driver/stm32f1xx_ll_usb.o
                0x08003998                USB_DevDisconnect
 .text.USB_ReadInterrupts
                0x0800399c        0x8 ./Drivers/STM32F1xx_HAL_Driver/stm32f1xx_ll_usb.o
                0x0800399c                USB_ReadInterrupts
 .text.USB_EP0_OutStart
                0x080039a4        0x4 ./Drivers/STM32F1xx_HAL_Driver/stm32f1xx_ll_usb.o
                0x080039a4                USB_EP0_OutStart
 .text.USB_WritePMA
                0x080039a8       0x20 ./Drivers/STM32F1xx_HAL_Driver/stm32f1xx_ll_usb.o
                0x080039a8                USB_WritePMA
 .text.USB_EPStartXfer
                0x080039c8      0x462 ./Drivers/STM32F1xx_HAL_Driver/stm32f1xx_ll_usb.o
                0x080039c8                USB_EPStartXfer
 .text.USB_ReadPMA
                0x08003e2a       0x38 ./Drivers/STM32F1xx_HAL_Driver/stm32f1xx_ll_usb.o
                0x08003e2a                USB_ReadPMA
 .text.USBD_CDC_EP0_RxReady
                0x08003e62       0x28 ./Middlewares/USB_Device_Library/usbd_cdc.o
 *fill*         0x08003e8a        0x2 
 .text.USBD_CDC_GetFSCfgDesc
                0x08003e8c        0xc ./Middlewares/USB_Device_Library/usbd_cdc.o
 .text.USBD_CDC_GetHSCfgDesc
                0x08003e98        0xc ./Middlewares/USB_Device_Library/usbd_cdc.o
 .text.USBD_CDC_GetOtherSpeedCfgDesc
                0x08003ea4        0xc ./Middlewares/USB_Device_Library/usbd_cdc.o
 .text.USBD_CDC_GetDeviceQualifierDescriptor
                0x08003eb0        0xc ./Middlewares/USB_Device_Library/usbd_cdc.o
                0x08003eb0                USBD_CDC_GetDeviceQualifierDescriptor
 .text.USBD_CDC_DataOut
                0x08003ebc       0x2e ./Middlewares/USB_Device_Library/usbd_cdc.o
 .text.USBD_CDC_DataIn
                0x08003eea       0x40 ./Middlewares/USB_Device_Library/usbd_cdc.o
 .text.USBD_CDC_Setup
                0x08003f2a       0xa2 ./Middlewares/USB_Device_Library/usbd_cdc.o
 .text.USBD_CDC_DeInit
                0x08003fcc       0x42 ./Middlewares/USB_Device_Library/usbd_cdc.o
 .text.USBD_CDC_Init
                0x0800400e       0x8c ./Middlewares/USB_Device_Library/usbd_cdc.o
 .text.USBD_CDC_RegisterInterface
                0x0800409a        0xe ./Middlewares/USB_Device_Library/usbd_cdc.o
                0x0800409a                USBD_CDC_RegisterInterface
 .text.USBD_CDC_SetTxBuffer
                0x080040a8       0x10 ./Middlewares/USB_Device_Library/usbd_cdc.o
                0x080040a8                USBD_CDC_SetTxBuffer
 .text.USBD_CDC_SetRxBuffer
                0x080040b8        0xc ./Middlewares/USB_Device_Library/usbd_cdc.o
                0x080040b8                USBD_CDC_SetRxBuffer
 .text.USBD_CDC_TransmitPacket
                0x080040c4       0x32 ./Middlewares/USB_Device_Library/usbd_cdc.o
                0x080040c4                USBD_CDC_TransmitPacket
 .text.USBD_CDC_ReceivePacket
                0x080040f6       0x26 ./Middlewares/USB_Device_Library/usbd_cdc.o
                0x080040f6                USBD_CDC_ReceivePacket
 .text.USBD_Init
                0x0800411c       0x2a ./Middlewares/USB_Device_Library/usbd_core.o
                0x0800411c                USBD_Init
 .text.USBD_RegisterClass
                0x08004146        0xe ./Middlewares/USB_Device_Library/usbd_core.o
                0x08004146                USBD_RegisterClass
 .text.USBD_Start
                0x08004154        0xa ./Middlewares/USB_Device_Library/usbd_core.o
                0x08004154                USBD_Start
 .text.USBD_SetClassConfig
                0x0800415e       0x1a ./Middlewares/USB_Device_Library/usbd_core.o
                0x0800415e                USBD_SetClassConfig
 .text.USBD_ClrClassConfig
                0x08004178        0xe ./Middlewares/USB_Device_Library/usbd_core.o
                0x08004178                USBD_ClrClassConfig
 .text.USBD_LL_SetupStage
                0x08004186       0x5a ./Middlewares/USB_Device_Library/usbd_core.o
                0x08004186                USBD_LL_SetupStage
 .text.USBD_LL_DataOutStage
                0x080041e0       0x70 ./Middlewares/USB_Device_Library/usbd_core.o
                0x080041e0                USBD_LL_DataOutStage
 .text.USBD_LL_DataInStage
                0x08004250       0xb8 ./Middlewares/USB_Device_Library/usbd_core.o
                0x08004250                USBD_LL_DataInStage
 .text.USBD_LL_Reset
                0x08004308       0x4e ./Middlewares/USB_Device_Library/usbd_core.o
                0x08004308                USBD_LL_Reset
 .text.USBD_LL_SetSpeed
                0x08004356        0x6 ./Middlewares/USB_Device_Library/usbd_core.o
                0x08004356                USBD_LL_SetSpeed
 .text.USBD_LL_Suspend
                0x0800435c       0x12 ./Middlewares/USB_Device_Library/usbd_core.o
                0x0800435c                USBD_LL_Suspend
 .text.USBD_LL_Resume
                0x0800436e       0x14 ./Middlewares/USB_Device_Library/usbd_core.o
                0x0800436e                USBD_LL_Resume
 .text.USBD_LL_SOF
                0x08004382       0x18 ./Middlewares/USB_Device_Library/usbd_core.o
                0x08004382                USBD_LL_SOF
 .text.USBD_CtlError.constprop.0
                0x0800439a       0x16 ./Middlewares/USB_Device_Library/usbd_ctlreq.o
 .text.USBD_StdDevReq
                0x080043b0      0x290 ./Middlewares/USB_Device_Library/usbd_ctlreq.o
                0x080043b0                USBD_StdDevReq
 .text.USBD_StdItfReq
                0x08004640       0x48 ./Middlewares/USB_Device_Library/usbd_ctlreq.o
                0x08004640                USBD_StdItfReq
 .text.USBD_StdEPReq
                0x08004688      0x118 ./Middlewares/USB_Device_Library/usbd_ctlreq.o
                0x08004688                USBD_StdEPReq
 .text.USBD_ParseSetupRequest
                0x080047a0       0x16 ./Middlewares/USB_Device_Library/usbd_ctlreq.o
                0x080047a0                USBD_ParseSetupRequest
 .text.USBD_CtlError
                0x080047b6       0x16 ./Middlewares/USB_Device_Library/usbd_ctlreq.o
                0x080047b6                USBD_CtlError
 .text.USBD_GetString
                0x080047cc       0x38 ./Middlewares/USB_Device_Library/usbd_ctlreq.o
                0x080047cc                USBD_GetString
 .text.USBD_CtlSendData
                0x08004804       0x1a ./Middlewares/USB_Device_Library/usbd_ioreq.o
                0x08004804                USBD_CtlSendData
 .text.USBD_CtlContinueSendData
                0x0800481e       0x10 ./Middlewares/USB_Device_Library/usbd_ioreq.o
                0x0800481e                USBD_CtlContinueSendData
 .text.USBD_CtlPrepareRx
                0x0800482e       0x1a ./Middlewares/USB_Device_Library/usbd_ioreq.o
                0x0800482e                USBD_CtlPrepareRx
 .text.USBD_CtlContinueRx
                0x08004848       0x10 ./Middlewares/USB_Device_Library/usbd_ioreq.o
                0x08004848                USBD_CtlContinueRx
 .text.USBD_CtlSendStatus
                0x08004858       0x16 ./Middlewares/USB_Device_Library/usbd_ioreq.o
                0x08004858                USBD_CtlSendStatus
 .text.USBD_CtlReceiveStatus
                0x0800486e       0x16 ./Middlewares/USB_Device_Library/usbd_ioreq.o
                0x0800486e                USBD_CtlReceiveStatus
 .text.sprintf  0x08004884       0x44 C:/ST/STM32CubeIDE_2.0.0/STM32CubeIDE/plugins/com.st.stm32cube.ide.mcu.externaltools.gnu-tools-for-stm32.14.3.rel1.win32_1.0.100.202602081740/tools/bin/../lib/gcc/arm-none-eabi/14.3.1/../../../../arm-none-eabi/lib/thumb/v7-m/nofp\libc_nano.a(libc_a-sprintf.o)
                0x08004884                siprintf
                0x08004884                sprintf
 .text.memset   0x080048c8       0x10 C:/ST/STM32CubeIDE_2.0.0/STM32CubeIDE/plugins/com.st.stm32cube.ide.mcu.externaltools.gnu-tools-for-stm32.14.3.rel1.win32_1.0.100.202602081740/tools/bin/../lib/gcc/arm-none-eabi/14.3.1/../../../../arm-none-eabi/lib/thumb/v7-m/nofp\libc_nano.a(libc_a-memset.o)
                0x080048c8                memset
 .text.strncpy  0x080048d8       0x26 C:/ST/STM32CubeIDE_2.0.0/STM32CubeIDE/plugins/com.st.stm32cube.ide.mcu.externaltools.gnu-tools-for-stm32.14.3.rel1.win32_1.0.100.202602081740/tools/bin/../lib/gcc/arm-none-eabi/14.3.1/../../../../arm-none-eabi/lib/thumb/v7-m/nofp\libc_nano.a(libc_a-strncpy.o)
                0x080048d8                strncpy
 *fill*         0x080048fe        0x2 
 .text.__errno  0x08004900        0xc C:/ST/STM32CubeIDE_2.0.0/STM32CubeIDE/plugins/com.st.stm32cube.ide.mcu.externaltools.gnu-tools-for-stm32.14.3.rel1.win32_1.0.100.202602081740/tools/bin/../lib/gcc/arm-none-eabi/14.3.1/../../../../arm-none-eabi/lib/thumb/v7-m/nofp\libc_nano.a(libc_a-errno.o)
                0x08004900                __errno
 .text.__libc_init_array
                0x0800490c       0x48 C:/ST/STM32CubeIDE_2.0.0/STM32CubeIDE/plugins/com.st.stm32cube.ide.mcu.externaltools.gnu-tools-for-stm32.14.3.rel1.win32_1.0.100.202602081740/tools/bin/../lib/gcc/arm-none-eabi/14.3.1/../../../../arm-none-eabi/lib/thumb/v7-m/nofp\libc_nano.a(libc_a-init.o)
                0x0800490c                __libc_init_array
 .text.__retarget_lock_acquire_recursive
                0x08004954        0x2 C:/ST/STM32CubeIDE_2.0.0/STM32CubeIDE/plugins/com.st.stm32cube.ide.mcu.externaltools.gnu-tools-for-stm32.14.3.rel1.win32_1.0.100.202602081740/tools/bin/../lib/gcc/arm-none-eabi/14.3.1/../../../../arm-none-eabi/lib/thumb/v7-m/nofp\libc_nano.a(libc_a-lock.o)
                0x08004954                __retarget_lock_acquire_recursive
 .text.__retarget_lock_release_recursive
                0x08004956        0x2 C:/ST/STM32CubeIDE_2.0.0/STM32CubeIDE/plugins/com.st.stm32cube.ide.mcu.externaltools.gnu-tools-for-stm32.14.3.rel1.win32_1.0.100.202602081740/tools/bin/../lib/gcc/arm-none-eabi/14.3.1/../../../../arm-none-eabi/lib/thumb/v7-m/nofp\libc_nano.a(libc_a-lock.o)
                0x08004956                __retarget_lock_release_recursive
 .text.memcpy   0x08004958       0x1c C:/ST/STM32CubeIDE_2.0.0/STM32CubeIDE/plugins/com.st.stm32cube.ide.mcu.externaltools.gnu-tools-for-stm32.14.3.rel1.win32_1.0.100.202602081740/tools/bin/../lib/gcc/arm-none-eabi/14.3.1/../../../../arm-none-eabi/lib/thumb/v7-m/nofp\libc_nano.a(libc_a-memcpy-stub.o)
                0x08004958                memcpy
 .text._free_r  0x08004974       0x90 C:/ST/STM32CubeIDE_2.0.0/STM32CubeIDE/plugins/com.st.stm32cube.ide.mcu.externaltools.gnu-tools-for-stm32.14.3.rel1.win32_1.0.100.202602081740/tools/bin/../lib/gcc/arm-none-eabi/14.3.1/../../../../arm-none-eabi/lib/thumb/v7-m/nofp\libc_nano.a(libc_a-freer.o)
                0x08004974                _free_r
 .text.sbrk_aligned
                0x08004a04       0x44 C:/ST/STM32CubeIDE_2.0.0/STM32CubeIDE/plugins/com.st.stm32cube.ide.mcu.externaltools.gnu-tools-for-stm32.14.3.rel1.win32_1.0.100.202602081740/tools/bin/../lib/gcc/arm-none-eabi/14.3.1/../../../../arm-none-eabi/lib/thumb/v7-m/nofp\libc_nano.a(libc_a-mallocr.o)
 .text._malloc_r
                0x08004a48      0x100 C:/ST/STM32CubeIDE_2.0.0/STM32CubeIDE/plugins/com.st.stm32cube.ide.mcu.externaltools.gnu-tools-for-stm32.14.3.rel1.win32_1.0.100.202602081740/tools/bin/../lib/gcc/arm-none-eabi/14.3.1/../../../../arm-none-eabi/lib/thumb/v7-m/nofp\libc_nano.a(libc_a-mallocr.o)
                0x08004a48                _malloc_r
 .text.__malloc_lock
                0x08004b48        0xc C:/ST/STM32CubeIDE_2.0.0/STM32CubeIDE/plugins/com.st.stm32cube.ide.mcu.externaltools.gnu-tools-for-stm32.14.3.rel1.win32_1.0.100.202602081740/tools/bin/../lib/gcc/arm-none-eabi/14.3.1/../../../../arm-none-eabi/lib/thumb/v7-m/nofp\libc_nano.a(libc_a-mlock.o)
                0x08004b48                __malloc_lock
 .text.__malloc_unlock
                0x08004b54        0xc C:/ST/STM32CubeIDE_2.0.0/STM32CubeIDE/plugins/com.st.stm32cube.ide.mcu.externaltools.gnu-tools-for-stm32.14.3.rel1.win32_1.0.100.202602081740/tools/bin/../lib/gcc/arm-none-eabi/14.3.1/../../../../arm-none-eabi/lib/thumb/v7-m/nofp\libc_nano.a(libc_a-mlock.o)
                0x08004b54                __malloc_unlock
 .text.__ssputs_r
                0x08004b60       0xc0 C:/ST/STM32CubeIDE_2.0.0/STM32CubeIDE/plugins/com.st.stm32cube.ide.mcu.externaltools.gnu-tools-for-stm32.14.3.rel1.win32_1.0.100.202602081740/tools/bin/../lib/gcc/arm-none-eabi/14.3.1/../../../../arm-none-eabi/lib/thumb/v7-m/nofp\libc_nano.a(libc_a-nano-svfprintf.o)
                0x08004b60                __ssputs_r
 .text._svfprintf_r
                0x08004c20      0x1f0 C:/ST/STM32CubeIDE_2.0.0/STM32CubeIDE/plugins/com.st.stm32cube.ide.mcu.externaltools.gnu-tools-for-stm32.14.3.rel1.win32_1.0.100.202602081740/tools/bin/../lib/gcc/arm-none-eabi/14.3.1/../../../../arm-none-eabi/lib/thumb/v7-m/nofp\libc_nano.a(libc_a-nano-svfprintf.o)
                0x08004c20                _svfiprintf_r
                0x08004c20                _svfprintf_r
 .text._printf_common
                0x08004e10       0xe4 C:/ST/STM32CubeIDE_2.0.0/STM32CubeIDE/plugins/com.st.stm32cube.ide.mcu.externaltools.gnu-tools-for-stm32.14.3.rel1.win32_1.0.100.202602081740/tools/bin/../lib/gcc/arm-none-eabi/14.3.1/../../../../arm-none-eabi/lib/thumb/v7-m/nofp\libc_nano.a(libc_a-nano-vfprintf_i.o)
                0x08004e10                _printf_common
 .text._printf_i
                0x08004ef4      0x24c C:/ST/STM32CubeIDE_2.0.0/STM32CubeIDE/plugins/com.st.stm32cube.ide.mcu.externaltools.gnu-tools-for-stm32.14.3.rel1.win32_1.0.100.202602081740/tools/bin/../lib/gcc/arm-none-eabi/14.3.1/../../../../arm-none-eabi/lib/thumb/v7-m/nofp\libc_nano.a(libc_a-nano-vfprintf_i.o)
                0x08004ef4                _printf_i
 .text.memmove  0x08005140       0x32 C:/ST/STM32CubeIDE_2.0.0/STM32CubeIDE/plugins/com.st.stm32cube.ide.mcu.externaltools.gnu-tools-for-stm32.14.3.rel1.win32_1.0.100.202602081740/tools/bin/../lib/gcc/arm-none-eabi/14.3.1/../../../../arm-none-eabi/lib/thumb/v7-m/nofp\libc_nano.a(libc_a-memmove.o)
                0x08005140                memmove
 *fill*         0x08005172        0x2 
 .text._sbrk_r  0x08005174       0x20 C:/ST/STM32CubeIDE_2.0.0/STM32CubeIDE/plugins/com.st.stm32cube.ide.mcu.externaltools.gnu-tools-for-stm32.14.3.rel1.win32_1.0.100.202602081740/tools/bin/../lib/gcc/arm-none-eabi/14.3.1/../../../../arm-none-eabi/lib/thumb/v7-m/nofp\libc_nano.a(libc_a-sbrkr.o)
                0x08005174                _sbrk_r
 .text.memchr   0x08005194       0x1c C:/ST/STM32CubeIDE_2.0.0/STM32CubeIDE/plugins/com.st.stm32cube.ide.mcu.externaltools.gnu-tools-for-stm32.14.3.rel1.win32_1.0.100.202602081740/tools/bin/../lib/gcc/arm-none-eabi/14.3.1/../../../../arm-none-eabi/lib/thumb/v7-m/nofp\libc_nano.a(libc_a-memchr-stub.o)
                0x08005194                memchr
 .text._realloc_r
                0x080051b0       0x5c C:/ST/STM32CubeIDE_2.0.0/STM32CubeIDE/plugins/com.st.stm32cube.ide.mcu.externaltools.gnu-tools-for-stm32.14.3.rel1.win32_1.0.100.202602081740/tools/bin/../lib/gcc/arm-none-eabi/14.3.1/../../../../arm-none-eabi/lib/thumb/v7-m/nofp\libc_nano.a(libc_a-reallocr.o)
                0x080051b0                _realloc_r
 .text._malloc_usable_size_r
                0x0800520c       0x10 C:/ST/STM32CubeIDE_2.0.0/STM32CubeIDE/plugins/com.st.stm32cube.ide.mcu.externaltools.gnu-tools-for-stm32.14.3.rel1.win32_1.0.100.202602081740/tools/bin/../lib/gcc/arm-none-eabi/14.3.1/../../../../arm-none-eabi/lib/thumb/v7-m/nofp\libc_nano.a(libc_a-msizer.o)
                0x0800520c                _malloc_usable_size_r
 *(.glue_7)
 .glue_7        0x0800521c        0x0 linker stubs
 *(.glue_7t)
 .glue_7t       0x0800521c        0x0 linker stubs
 *(.eh_frame)
 .eh_frame      0x0800521c        0x0 C:/ST/STM32CubeIDE_2.0.0/STM32CubeIDE/plugins/com.st.stm32cube.ide.mcu.externaltools.gnu-tools-for-stm32.14.3.rel1.win32_1.0.100.202602081740/tools/bin/../lib/gcc/arm-none-eabi/14.3.1/thumb/v7-m/nofp/crtbegin.o
 *(.init)
 .init          0x0800521c        0x4 C:/ST/STM32CubeIDE_2.0.0/STM32CubeIDE/plugins/com.st.stm32cube.ide.mcu.externaltools.gnu-tools-for-stm32.14.3.rel1.win32_1.0.100.202602081740/tools/bin/../lib/gcc/arm-none-eabi/14.3.1/thumb/v7-m/nofp/crti.o
                0x0800521c                _init
 .init          0x08005220        0x8 C:/ST/STM32CubeIDE_2.0.0/STM32CubeIDE/plugins/com.st.stm32cube.ide.mcu.externaltools.gnu-tools-for-stm32.14.3.rel1.win32_1.0.100.202602081740/tools/bin/../lib/gcc/arm-none-eabi/14.3.1/thumb/v7-m/nofp/crtn.o
 *(.fini)
 .fini          0x08005228        0x4 C:/ST/STM32CubeIDE_2.0.0/STM32CubeIDE/plugins/com.st.stm32cube.ide.mcu.externaltools.gnu-tools-for-stm32.14.3.rel1.win32_1.0.100.202602081740/tools/bin/../lib/gcc/arm-none-eabi/14.3.1/thumb/v7-m/nofp/crti.o
                0x08005228                _fini
 .fini          0x0800522c        0x8 C:/ST/STM32CubeIDE_2.0.0/STM32CubeIDE/plugins/com.st.stm32cube.ide.mcu.externaltools.gnu-tools-for-stm32.14.3.rel1.win32_1.0.100.202602081740/tools/bin/../lib/gcc/arm-none-eabi/14.3.1/thumb/v7-m/nofp/crtn.o
                0x08005234                        . = ALIGN (0x4)
                0x08005234                        _etext = .

.vfp11_veneer   0x08005234        0x0
 .vfp11_veneer  0x08005234        0x0 linker stubs

.v4_bx          0x08005234        0x0
 .v4_bx         0x08005234        0x0 linker stubs

.iplt           0x08005234        0x0
 .iplt          0x08005234        0x0 C:/ST/STM32CubeIDE_2.0.0/STM32CubeIDE/plugins/com.st.stm32cube.ide.mcu.externaltools.gnu-tools-for-stm32.14.3.rel1.win32_1.0.100.202602081740/tools/bin/../lib/gcc/arm-none-eabi/14.3.1/thumb/v7-m/nofp/crtbegin.o

.rodata         0x08005234      0x86c
                0x08005234                        . = ALIGN (0x4)
 *(.rodata)
 *(.rodata*)
 .rodata.main.str1.1
                0x08005234       0xbc ./Application/User/Core/main.o
                                 0x47 (size before relaxing)
 .rodata.NTC10K
                0x080052f0       0x66 ./Application/User/Core/thermocouple.o
                0x080052f0                NTC10K
 .rodata.__thermK
                0x08005356      0x44e ./Application/User/Core/thermocouple.o
                0x08005356                __thermK
 .rodata.PT100x100
                0x080057a4      0x2be ./Application/User/Core/thermocouple.o
                0x080057a4                PT100x100
 .rodata.USBD_FS_ManufacturerStrDescriptor.str1.1
                0x08005a62       0x13 ./Application/User/USB_DEVICE/App/usbd_desc.o
 .rodata.USBD_FS_ProductStrDescriptor.str1.1
                0x08005a62       0x16 ./Application/User/USB_DEVICE/App/usbd_desc.o
 .rodata.USBD_FS_ConfigStrDescriptor.str1.1
                0x08005a62        0xb ./Application/User/USB_DEVICE/App/usbd_desc.o
 .rodata.USBD_FS_InterfaceStrDescriptor.str1.1
                0x08005a62        0xe ./Application/User/USB_DEVICE/App/usbd_desc.o
 .rodata.APBPrescTable
                0x08005a62        0x8 ./Drivers/CMSIS/system_stm32f1xx.o
                0x08005a62                APBPrescTable
 .rodata.AHBPrescTable
                0x08005a6a       0x10 ./Drivers/CMSIS/system_stm32f1xx.o
                0x08005a6a                AHBPrescTable
 .rodata.aPredivFactorTable.0
                0x08005a7a        0x2 ./Drivers/STM32F1xx_HAL_Driver/stm32f1xx_hal_rcc.o
 .rodata.aPLLMULFactorTable.1
                0x08005a7c       0x10 ./Drivers/STM32F1xx_HAL_Driver/stm32f1xx_hal_rcc.o
 .rodata.aPredivFactorTable.0
                0x08005a8c        0x2 ./Drivers/STM32F1xx_HAL_Driver/stm32f1xx_hal_rcc_ex.o
 .rodata.aPLLMULFactorTable.1
                0x08005a8e       0x10 ./Drivers/STM32F1xx_HAL_Driver/stm32f1xx_hal_rcc_ex.o
 .rodata._svfprintf_r.str1.1
                0x08005a9e       0x11 C:/ST/STM32CubeIDE_2.0.0/STM32CubeIDE/plugins/com.st.stm32cube.ide.mcu.externaltools.gnu-tools-for-stm32.14.3.rel1.win32_1.0.100.202602081740/tools/bin/../lib/gcc/arm-none-eabi/14.3.1/../../../../arm-none-eabi/lib/thumb/v7-m/nofp\libc_nano.a(libc_a-nano-svfprintf.o)
 .rodata._printf_i.str1.1
                0x08005a9e       0x22 C:/ST/STM32CubeIDE_2.0.0/STM32CubeIDE/plugins/com.st.stm32cube.ide.mcu.externaltools.gnu-tools-for-stm32.14.3.rel1.win32_1.0.100.202602081740/tools/bin/../lib/gcc/arm-none-eabi/14.3.1/../../../../arm-none-eabi/lib/thumb/v7-m/nofp\libc_nano.a(libc_a-nano-vfprintf_i.o)
                0x08005ac0                        . = ALIGN (0x4)
 *fill*         0x08005a9e        0x2 

.ARM.extab      0x08005aa0        0x0
                0x08005aa0                        . = ALIGN (0x4)
 *(.ARM.extab* .gnu.linkonce.armextab.*)
                0x08005aa0                        . = ALIGN (0x4)

.ARM            0x08005aa0        0x8
                0x08005aa0                        . = ALIGN (0x4)
                0x08005aa0                        __exidx_start = .
 *(.ARM.exidx*)
 .ARM.exidx     0x08005aa0        0x8 C:/ST/STM32CubeIDE_2.0.0/STM32CubeIDE/plugins/com.st.stm32cube.ide.mcu.externaltools.gnu-tools-for-stm32.14.3.rel1.win32_1.0.100.202602081740/tools/bin/../lib/gcc/arm-none-eabi/14.3.1/../../../../arm-none-eabi/lib/thumb/v7-m/nofp\libc_nano.a(libc_a-strlen.o)
                0x08005aa8                        __exidx_end = .
                0x08005aa8                        . = ALIGN (0x4)

.rel.dyn        0x08005aa8        0x0
 .rel.iplt      0x08005aa8        0x0 C:/ST/STM32CubeIDE_2.0.0/STM32CubeIDE/plugins/com.st.stm32cube.ide.mcu.externaltools.gnu-tools-for-stm32.14.3.rel1.win32_1.0.100.202602081740/tools/bin/../lib/gcc/arm-none-eabi/14.3.1/thumb/v7-m/nofp/crtbegin.o

.preinit_array  0x08005aa8        0x0
                0x08005aa8                        . = ALIGN (0x4)
                0x08005aa8                        PROVIDE (__preinit_array_start = .)
 *(.preinit_array*)
                0x08005aa8                        PROVIDE (__preinit_array_end = .)
                0x08005aa8                        . = ALIGN (0x4)

.init_array     0x08005aa8        0x4
                0x08005aa8                        . = ALIGN (0x4)
                0x08005aa8                        PROVIDE (__init_array_start = .)
 *(SORT_BY_NAME(.init_array.*))
 *(.init_array*)
 .init_array    0x08005aa8        0x4 C:/ST/STM32CubeIDE_2.0.0/STM32CubeIDE/plugins/com.st.stm32cube.ide.mcu.externaltools.gnu-tools-for-stm32.14.3.rel1.win32_1.0.100.202602081740/tools/bin/../lib/gcc/arm-none-eabi/14.3.1/thumb/v7-m/nofp/crtbegin.o
                0x08005aac                        PROVIDE (__init_array_end = .)
                0x08005aac                        . = ALIGN (0x4)

.fini_array     0x08005aac        0x4
                0x08005aac                        . = ALIGN (0x4)
                [!provide]                        PROVIDE (__fini_array_start = .)
 *(SORT_BY_NAME(.fini_array.*))
 *(.fini_array*)
 .fini_array    0x08005aac        0x4 C:/ST/STM32CubeIDE_2.0.0/STM32CubeIDE/plugins/com.st.stm32cube.ide.mcu.externaltools.gnu-tools-for-stm32.14.3.rel1.win32_1.0.100.202602081740/tools/bin/../lib/gcc/arm-none-eabi/14.3.1/thumb/v7-m/nofp/crtbegin.o
                [!provide]                        PROVIDE (__fini_array_end = .)
                0x08005ab0                        . = ALIGN (0x4)
                0x08005ab0                        _sidata = LOADADDR (.data)

.data           0x20000000      0x1d0 load address 0x08005ab0
                0x20000000                        . = ALIGN (0x4)
                0x20000000                        _sdata = .
 *(.data)
 *(.data*)
 .data.Vmax     0x20000000        0x4 ./Application/User/Core/thermocouple.o
                0x20000000                Vmax
 .data.USBD_Interface_fops_FS
                0x20000004       0x10 ./Application/User/USB_DEVICE/App/usbd_cdc_if.o
                0x20000004                USBD_Interface_fops_FS
 .data.USBD_StringSerial
                0x20000014       0x1a ./Application/User/USB_DEVICE/App/usbd_desc.o
                0x20000014                USBD_StringSerial
 *fill*         0x2000002e        0x2 
 .data.USBD_LangIDDesc
                0x20000030        0x4 ./Application/User/USB_DEVICE/App/usbd_desc.o
                0x20000030                USBD_LangIDDesc
 .data.USBD_FS_DeviceDesc
                0x20000034       0x12 ./Application/User/USB_DEVICE/App/usbd_desc.o
                0x20000034                USBD_FS_DeviceDesc
 *fill*         0x20000046        0x2 
 .data.FS_Desc  0x20000048       0x1c ./Application/User/USB_DEVICE/App/usbd_desc.o
                0x20000048                FS_Desc
 .data.SystemCoreClock
                0x20000064        0x4 ./Drivers/CMSIS/system_stm32f1xx.o
                0x20000064                SystemCoreClock
 .data.uwTickFreq
                0x20000068        0x1 ./Drivers/STM32F1xx_HAL_Driver/stm32f1xx_hal.o
                0x20000068                uwTickFreq
 *fill*         0x20000069        0x3 
 .data.uwTickPrio
                0x2000006c        0x4 ./Drivers/STM32F1xx_HAL_Driver/stm32f1xx_hal.o
                0x2000006c                uwTickPrio
 .data.USBD_CDC_OtherSpeedCfgDesc
                0x20000070       0x43 ./Middlewares/USB_Device_Library/usbd_cdc.o
                0x20000070                USBD_CDC_OtherSpeedCfgDesc
 *fill*         0x200000b3        0x1 
 .data.USBD_CDC_CfgFSDesc
                0x200000b4       0x43 ./Middlewares/USB_Device_Library/usbd_cdc.o
                0x200000b4                USBD_CDC_CfgFSDesc
 *fill*         0x200000f7        0x1 
 .data.USBD_CDC_CfgHSDesc
                0x200000f8       0x43 ./Middlewares/USB_Device_Library/usbd_cdc.o
                0x200000f8                USBD_CDC_CfgHSDesc
 *fill*         0x2000013b        0x1 
 .data.USBD_CDC
                0x2000013c       0x38 ./Middlewares/USB_Device_Library/usbd_cdc.o
                0x2000013c                USBD_CDC
 .data.USBD_CDC_DeviceQualifierDesc
                0x20000174        0xa ./Middlewares/USB_Device_Library/usbd_cdc.o
 *fill*         0x2000017e        0x2 
 .data._impure_ptr
                0x20000180        0x4 C:/ST/STM32CubeIDE_2.0.0/STM32CubeIDE/plugins/com.st.stm32cube.ide.mcu.externaltools.gnu-tools-for-stm32.14.3.rel1.win32_1.0.100.202602081740/tools/bin/../lib/gcc/arm-none-eabi/14.3.1/../../../../arm-none-eabi/lib/thumb/v7-m/nofp\libc_nano.a(libc_a-impure.o)
                0x20000180                _impure_ptr
 .data._impure_data
                0x20000184       0x4c C:/ST/STM32CubeIDE_2.0.0/STM32CubeIDE/plugins/com.st.stm32cube.ide.mcu.externaltools.gnu-tools-for-stm32.14.3.rel1.win32_1.0.100.202602081740/tools/bin/../lib/gcc/arm-none-eabi/14.3.1/../../../../arm-none-eabi/lib/thumb/v7-m/nofp\libc_nano.a(libc_a-impure.o)
                0x20000184                _impure_data
 *(.RamFunc)
 *(.RamFunc*)
                0x200001d0                        . = ALIGN (0x4)
                0x200001d0                        _edata = .

.igot.plt       0x200001d0        0x0 load address 0x08005c80
 .igot.plt      0x200001d0        0x0 C:/ST/STM32CubeIDE_2.0.0/STM32CubeIDE/plugins/com.st.stm32cube.ide.mcu.externaltools.gnu-tools-for-stm32.14.3.rel1.win32_1.0.100.202602081740/tools/bin/../lib/gcc/arm-none-eabi/14.3.1/thumb/v7-m/nofp/crtbegin.o
                0x200001d0                        . = ALIGN (0x4)

.bss            0x200001d0     0x15b4 load address 0x08005c80
                0x200001d0                        _sbss = .
                0x200001d0                        __bss_start__ = _sbss
 *(.bss)
 .bss           0x200001d0       0x1c C:/ST/STM32CubeIDE_2.0.0/STM32CubeIDE/plugins/com.st.stm32cube.ide.mcu.externaltools.gnu-tools-for-stm32.14.3.rel1.win32_1.0.100.202602081740/tools/bin/../lib/gcc/arm-none-eabi/14.3.1/thumb/v7-m/nofp/crtbegin.o
 *(.bss*)
 .bss.PTCstruct
                0x200001ec       0x34 ./Application/User/Core/main.o
                0x200001ec                PTCstruct
 .bss.NTCstruct
                0x20000220       0x34 ./Application/User/Core/main.o
                0x20000220                NTCstruct
 .bss.ThermKstruct
                0x20000254       0x34 ./Application/User/Core/main.o
                0x20000254                ThermKstruct
 .bss.str_tx    0x20000288       0x80 ./Application/User/Core/main.o
                0x20000288                str_tx
 .bss.str_rx    0x20000308       0x80 ./Application/User/Core/main.o
                0x20000308                str_rx
 .bss.hspi2     0x20000388       0x58 ./Application/User/Core/main.o
                0x20000388                hspi2
 .bss.hadc1     0x200003e0       0x30 ./Application/User/Core/main.o
                0x200003e0                hadc1
 .bss.__sbrk_heap_end
                0x20000410        0x4 ./Application/User/Core/sysmem.o
 .bss.spiadc    0x20000414       0x90 ./Application/User/Core/thermocouple.o
 .bss.hUsbDeviceFS
                0x200004a4      0x2c4 ./Application/User/USB_DEVICE/App/usb_device.o
                0x200004a4                hUsbDeviceFS
 .bss.RecFlag   0x20000768        0x1 ./Application/User/USB_DEVICE/App/usbd_cdc_if.o
                0x20000768                RecFlag
 .bss.UserTxBufferFS
                0x20000769      0x3e8 ./Application/User/USB_DEVICE/App/usbd_cdc_if.o
                0x20000769                UserTxBufferFS
 .bss.UserRxBufferFS
                0x20000b51      0x3e8 ./Application/User/USB_DEVICE/App/usbd_cdc_if.o
                0x20000b51                UserRxBufferFS
 *fill*         0x20000f39        0x3 
 .bss.USBD_StrDesc
                0x20000f3c      0x200 ./Application/User/USB_DEVICE/App/usbd_desc.o
                0x20000f3c                USBD_StrDesc
 .bss.mem.0     0x2000113c      0x220 ./Application/User/USB_DEVICE/Target/usbd_conf.o
 .bss.hpcd_USB_FS
                0x2000135c      0x2d8 ./Application/User/USB_DEVICE/Target/usbd_conf.o
                0x2000135c                hpcd_USB_FS
 .bss.uwTick    0x20001634        0x4 ./Drivers/STM32F1xx_HAL_Driver/stm32f1xx_hal.o
                0x20001634                uwTick
 .bss.cfgidx.0  0x20001638        0x1 ./Middlewares/USB_Device_Library/usbd_ctlreq.o
 *fill*         0x20001639        0x3 
 .bss.__sf      0x2000163c      0x138 C:/ST/STM32CubeIDE_2.0.0/STM32CubeIDE/plugins/com.st.stm32cube.ide.mcu.externaltools.gnu-tools-for-stm32.14.3.rel1.win32_1.0.100.202602081740/tools/bin/../lib/gcc/arm-none-eabi/14.3.1/../../../../arm-none-eabi/lib/thumb/v7-m/nofp\libc_nano.a(libc_a-findfp.o)
                0x2000163c                __sf
 .bss.errno     0x20001774        0x4 C:/ST/STM32CubeIDE_2.0.0/STM32CubeIDE/plugins/com.st.stm32cube.ide.mcu.externaltools.gnu-tools-for-stm32.14.3.rel1.win32_1.0.100.202602081740/tools/bin/../lib/gcc/arm-none-eabi/14.3.1/../../../../arm-none-eabi/lib/thumb/v7-m/nofp\libc_nano.a(libc_a-reent.o)
                0x20001774                errno
 .bss.__lock___malloc_recursive_mutex
                0x20001778        0x1 C:/ST/STM32CubeIDE_2.0.0/STM32CubeIDE/plugins/com.st.stm32cube.ide.mcu.externaltools.gnu-tools-for-stm32.14.3.rel1.win32_1.0.100.202602081740/tools/bin/../lib/gcc/arm-none-eabi/14.3.1/../../../../arm-none-eabi/lib/thumb/v7-m/nofp\libc_nano.a(libc_a-lock.o)
                0x20001778                __lock___malloc_recursive_mutex
 *fill*         0x20001779        0x3 
 .bss.__malloc_sbrk_start
                0x2000177c        0x4 C:/ST/STM32CubeIDE_2.0.0/STM32CubeIDE/plugins/com.st.stm32cube.ide.mcu.externaltools.gnu-tools-for-stm32.14.3.rel1.win32_1.0.100.202602081740/tools/bin/../lib/gcc/arm-none-eabi/14.3.1/../../../../arm-none-eabi/lib/thumb/v7-m/nofp\libc_nano.a(libc_a-mallocr.o)
                0x2000177c                __malloc_sbrk_start
 .bss.__malloc_free_list
                0x20001780        0x4 C:/ST/STM32CubeIDE_2.0.0/STM32CubeIDE/plugins/com.st.stm32cube.ide.mcu.externaltools.gnu-tools-for-stm32.14.3.rel1.win32_1.0.100.202602081740/tools/bin/../lib/gcc/arm-none-eabi/14.3.1/../../../../arm-none-eabi/lib/thumb/v7-m/nofp\libc_nano.a(libc_a-mallocr.o)
                0x20001780                __malloc_free_list
 *(COMMON)
                0x20001784                        . = ALIGN (0x4)
                0x20001784                        _ebss = .
                0x20001784                        __bss_end__ = _ebss

._user_heap_stack
                0x20001784      0x604 load address 0x08005c80
                0x20001788                        . = ALIGN (0x8)
 *fill*         0x20001784        0x4 
                [!provide]                        PROVIDE (end = .)
                0x20001788                        PROVIDE (_end = .)
                0x20001988                        . = (. + _Min_Heap_Size)
 *fill*         0x20001788      0x200 
                0x20001d88                        . = (. + _Min_Stack_Size)
 *fill*         0x20001988      0x400 
                0x20001d88                        . = ALIGN (0x8)

/DISCARD/
 libc.a(*)
 libm.a(*)
 libgcc.a(*)

.ARM.attributes
                0x00000000       0x29
 *(.ARM.attributes)
 .ARM.attributes
                0x00000000       0x1d C:/ST/STM32CubeIDE_2.0.0/STM32CubeIDE/plugins/com.st.stm32cube.ide.mcu.externaltools.gnu-tools-for-stm32.14.3.rel1.win32_1.0.100.202602081740/tools/bin/../lib/gcc/arm-none-eabi/14.3.1/thumb/v7-m/nofp/crti.o
 .ARM.attributes
                0x0000001d       0x2d C:/ST/STM32CubeIDE_2.0.0/STM32CubeIDE/plugins/com.st.stm32cube.ide.mcu.externaltools.gnu-tools-for-stm32.14.3.rel1.win32_1.0.100.202602081740/tools/bin/../lib/gcc/arm-none-eabi/14.3.1/thumb/v7-m/nofp/crtbegin.o
 .ARM.attributes
                0x0000004a       0x2d ./Application/User/Core/main.o
 .ARM.attributes
                0x00000077       0x2d ./Application/User/Core/stm32f1xx_hal_msp.o
 .ARM.attributes
                0x000000a4       0x2d ./Application/User/Core/stm32f1xx_it.o
 .ARM.attributes
                0x000000d1       0x2d ./Application/User/Core/sysmem.o
 .ARM.attributes
                0x000000fe       0x2d ./Application/User/Core/thermocouple.o
 .ARM.attributes
                0x0000012b       0x21 ./Application/User/Startup/startup_stm32f103c8tx.o
 .ARM.attributes
                0x0000014c       0x2d ./Application/User/USB_DEVICE/App/usb_device.o
 .ARM.attributes
                0x00000179       0x2d ./Application/User/USB_DEVICE/App/usbd_cdc_if.o
 .ARM.attributes
                0x000001a6       0x2d ./Application/User/USB_DEVICE/App/usbd_desc.o
 .ARM.attributes
                0x000001d3       0x2d ./Application/User/USB_DEVICE/Target/usbd_conf.o
 .ARM.attributes
                0x00000200       0x2d ./Drivers/CMSIS/system_stm32f1xx.o
 .ARM.attributes
                0x0000022d       0x2d ./Drivers/STM32F1xx_HAL_Driver/stm32f1xx_hal.o
 .ARM.attributes
                0x0000025a       0x2d ./Drivers/STM32F1xx_HAL_Driver/stm32f1xx_hal_adc.o
 .ARM.attributes
                0x00000287       0x2d ./Drivers/STM32F1xx_HAL_Driver/stm32f1xx_hal_cortex.o
 .ARM.attributes
                0x000002b4       0x2d ./Drivers/STM32F1xx_HAL_Driver/stm32f1xx_hal_gpio.o
 .ARM.attributes
                0x000002e1       0x2d ./Drivers/STM32F1xx_HAL_Driver/stm32f1xx_hal_pcd.o
 .ARM.attributes
                0x0000030e       0x2d ./Drivers/STM32F1xx_HAL_Driver/stm32f1xx_hal_pcd_ex.o
 .ARM.attributes
                0x0000033b       0x2d ./Drivers/STM32F1xx_HAL_Driver/stm32f1xx_hal_rcc.o
 .ARM.attributes
                0x00000368       0x2d ./Drivers/STM32F1xx_HAL_Driver/stm32f1xx_hal_rcc_ex.o
 .ARM.attributes
                0x00000395       0x2d ./Drivers/STM32F1xx_HAL_Driver/stm32f1xx_hal_spi.o
 .ARM.attributes
                0x000003c2       0x2d ./Drivers/STM32F1xx_HAL_Driver/stm32f1xx_ll_usb.o
 .ARM.attributes
                0x000003ef       0x2d ./Middlewares/USB_Device_Library/usbd_cdc.o
 .ARM.attributes
                0x0000041c       0x2d ./Middlewares/USB_Device_Library/usbd_core.o
 .ARM.attributes
                0x00000449       0x2d ./Middlewares/USB_Device_Library/usbd_ctlreq.o
 .ARM.attributes
                0x00000476       0x2d ./Middlewares/USB_Device_Library/usbd_ioreq.o
 .ARM.attributes
                0x000004a3       0x2d C:/ST/STM32CubeIDE_2.0.0/STM32CubeIDE/plugins/com.st.stm32cube.ide.mcu.externaltools.gnu-tools-for-stm32.14.3.rel1.win32_1.0.100.202602081740/tools/bin/../lib/gcc/arm-none-eabi/14.3.1/../../../../arm-none-eabi/lib/thumb/v7-m/nofp\libc_nano.a(libc_a-findfp.o)
 .ARM.attributes
                0x000004d0       0x2d C:/ST/STM32CubeIDE_2.0.0/STM32CubeIDE/plugins/com.st.stm32cube.ide.mcu.externaltools.gnu-tools-for-stm32.14.3.rel1.win32_1.0.100.202602081740/tools/bin/../lib/gcc/arm-none-eabi/14.3.1/../../../../arm-none-eabi/lib/thumb/v7-m/nofp\libc_nano.a(libc_a-sprintf.o)
 .ARM.attributes
                0x000004fd       0x2d C:/ST/STM32CubeIDE_2.0.0/STM32CubeIDE/plugins/com.st.stm32cube.ide.mcu.externaltools.gnu-tools-for-stm32.14.3.rel1.win32_1.0.100.202602081740/tools/bin/../lib/gcc/arm-none-eabi/14.3.1/../../../../arm-none-eabi/lib/thumb/v7-m/nofp\libc_nano.a(libc_a-memset.o)
 .ARM.attributes
                0x0000052a       0x2d C:/ST/STM32CubeIDE_2.0.0/STM32CubeIDE/plugins/com.st.stm32cube.ide.mcu.externaltools.gnu-tools-for-stm32.14.3.rel1.win32_1.0.100.202602081740/tools/bin/../lib/gcc/arm-none-eabi/14.3.1/../../../../arm-none-eabi/lib/thumb/v7-m/nofp\libc_nano.a(libc_a-strncpy.o)
 .ARM.attributes
                0x00000557       0x2d C:/ST/STM32CubeIDE_2.0.0/STM32CubeIDE/plugins/com.st.stm32cube.ide.mcu.externaltools.gnu-tools-for-stm32.14.3.rel1.win32_1.0.100.202602081740/tools/bin/../lib/gcc/arm-none-eabi/14.3.1/../../../../arm-none-eabi/lib/thumb/v7-m/nofp\libc_nano.a(libc_a-reent.o)
 .ARM.attributes
                0x00000584       0x2d C:/ST/STM32CubeIDE_2.0.0/STM32CubeIDE/plugins/com.st.stm32cube.ide.mcu.externaltools.gnu-tools-for-stm32.14.3.rel1.win32_1.0.100.202602081740/tools/bin/../lib/gcc/arm-none-eabi/14.3.1/../../../../arm-none-eabi/lib/thumb/v7-m/nofp\libc_nano.a(libc_a-impure.o)
 .ARM.attributes
                0x000005b1       0x2d C:/ST/STM32CubeIDE_2.0.0/STM32CubeIDE/plugins/com.st.stm32cube.ide.mcu.externaltools.gnu-tools-for-stm32.14.3.rel1.win32_1.0.100.202602081740/tools/bin/../lib/gcc/arm-none-eabi/14.3.1/../../../../arm-none-eabi/lib/thumb/v7-m/nofp\libc_nano.a(libc_a-errno.o)
 .ARM.attributes
                0x000005de       0x2d C:/ST/STM32CubeIDE_2.0.0/STM32CubeIDE/plugins/com.st.stm32cube.ide.mcu.externaltools.gnu-tools-for-stm32.14.3.rel1.win32_1.0.100.202602081740/tools/bin/../lib/gcc/arm-none-eabi/14.3.1/../../../../arm-none-eabi/lib/thumb/v7-m/nofp\libc_nano.a(libc_a-init.o)
 .ARM.attributes
                0x0000060b       0x2d C:/ST/STM32CubeIDE_2.0.0/STM32CubeIDE/plugins/com.st.stm32cube.ide.mcu.externaltools.gnu-tools-for-stm32.14.3.rel1.win32_1.0.100.202602081740/tools/bin/../lib/gcc/arm-none-eabi/14.3.1/../../../../arm-none-eabi/lib/thumb/v7-m/nofp\libc_nano.a(libc_a-lock.o)
 .ARM.attributes
                0x00000638       0x2d C:/ST/STM32CubeIDE_2.0.0/STM32CubeIDE/plugins/com.st.stm32cube.ide.mcu.externaltools.gnu-tools-for-stm32.14.3.rel1.win32_1.0.100.202602081740/tools/bin/../lib/gcc/arm-none-eabi/14.3.1/../../../../arm-none-eabi/lib/thumb/v7-m/nofp\libc_nano.a(libc_a-memcpy-stub.o)
 .ARM.attributes
                0x00000665       0x17 C:/ST/STM32CubeIDE_2.0.0/STM32CubeIDE/plugins/com.st.stm32cube.ide.mcu.externaltools.gnu-tools-for-stm32.14.3.rel1.win32_1.0.100.202602081740/tools/bin/../lib/gcc/arm-none-eabi/14.3.1/../../../../arm-none-eabi/lib/thumb/v7-m/nofp\libc_nano.a(libc_a-strlen.o)
 .ARM.attributes
                0x0000067c       0x2d C:/ST/STM32CubeIDE_2.0.0/STM32CubeIDE/plugins/com.st.stm32cube.ide.mcu.externaltools.gnu-tools-for-stm32.14.3.rel1.win32_1.0.100.202602081740/tools/bin/../lib/gcc/arm-none-eabi/14.3.1/../../../../arm-none-eabi/lib/thumb/v7-m/nofp\libc_nano.a(libc_a-freer.o)
 .ARM.attributes
                0x000006a9       0x2d C:/ST/STM32CubeIDE_2.0.0/STM32CubeIDE/plugins/com.st.stm32cube.ide.mcu.externaltools.gnu-tools-for-stm32.14.3.rel1.win32_1.0.100.202602081740/tools/bin/../lib/gcc/arm-none-eabi/14.3.1/../../../../arm-none-eabi/lib/thumb/v7-m/nofp\libc_nano.a(libc_a-mallocr.o)
 .ARM.attributes
                0x000006d6       0x2d C:/ST/STM32CubeIDE_2.0.0/STM32CubeIDE/plugins/com.st.stm32cube.ide.mcu.externaltools.gnu-tools-for-stm32.14.3.rel1.win32_1.0.100.202602081740/tools/bin/../lib/gcc/arm-none-eabi/14.3.1/../../../../arm-none-eabi/lib/thumb/v7-m/nofp\libc_nano.a(libc_a-mlock.o)
 .ARM.attributes
                0x00000703       0x2d C:/ST/STM32CubeIDE_2.0.0/STM32CubeIDE/plugins/com.st.stm32cube.ide.mcu.externaltools.gnu-tools-for-stm32.14.3.rel1.win32_1.0.100.202602081740/tools/bin/../lib/gcc/arm-none-eabi/14.3.1/../../../../arm-none-eabi/lib/thumb/v7-m/nofp\libc_nano.a(libc_a-nano-svfprintf.o)
 .ARM.attributes
                0x00000730       0x2d C:/ST/STM32CubeIDE_2.0.0/STM32CubeIDE/plugins/com.st.stm32cube.ide.mcu.externaltools.gnu-tools-for-stm32.14.3.rel1.win32_1.0.100.202602081740/tools/bin/../lib/gcc/arm-none-eabi/14.3.1/../../../../arm-none-eabi/lib/thumb/v7-m/nofp\libc_nano.a(libc_a-nano-vfprintf_i.o)
 .ARM.attributes
                0x0000075d       0x2d C:/ST/STM32CubeIDE_2.0.0/STM32CubeIDE/plugins/com.st.stm32cube.ide.mcu.externaltools.gnu-tools-for-stm32.14.3.rel1.win32_1.0.100.202602081740/tools/bin/../lib/gcc/arm-none-eabi/14.3.1/../../../../arm-none-eabi/lib/thumb/v7-m/nofp\libc_nano.a(libc_a-memmove.o)
 .ARM.attributes
                0x0000078a       0x2d C:/ST/STM32CubeIDE_2.0.0/STM32CubeIDE/plugins/com.st.stm32cube.ide.mcu.externaltools.gnu-tools-for-stm32.14.3.rel1.win32_1.0.100.202602081740/tools/bin/../lib/gcc/arm-none-eabi/14.3.1/../../../../arm-none-eabi/lib/thumb/v7-m/nofp\libc_nano.a(libc_a-sbrkr.o)
 .ARM.attributes
                0x000007b7       0x2d C:/ST/STM32CubeIDE_2.0.0/STM32CubeIDE/plugins/com.st.stm32cube.ide.mcu.externaltools.gnu-tools-for-stm32.14.3.rel1.win32_1.0.100.202602081740/tools/bin/../lib/gcc/arm-none-eabi/14.3.1/../../../../arm-none-eabi/lib/thumb/v7-m/nofp\libc_nano.a(libc_a-memchr-stub.o)
 .ARM.attributes
                0x000007e4       0x2d C:/ST/STM32CubeIDE_2.0.0/STM32CubeIDE/plugins/com.st.stm32cube.ide.mcu.externaltools.gnu-tools-for-stm32.14.3.rel1.win32_1.0.100.202602081740/tools/bin/../lib/gcc/arm-none-eabi/14.3.1/../../../../arm-none-eabi/lib/thumb/v7-m/nofp\libc_nano.a(libc_a-reallocr.o)
 .ARM.attributes
                0x00000811       0x2d C:/ST/STM32CubeIDE_2.0.0/STM32CubeIDE/plugins/com.st.stm32cube.ide.mcu.externaltools.gnu-tools-for-stm32.14.3.rel1.win32_1.0.100.202602081740/tools/bin/../lib/gcc/arm-none-eabi/14.3.1/../../../../arm-none-eabi/lib/thumb/v7-m/nofp\libc_nano.a(libc_a-msizer.o)
 .ARM.attributes
                0x0000083e       0x1d C:/ST/STM32CubeIDE_2.0.0/STM32CubeIDE/plugins/com.st.stm32cube.ide.mcu.externaltools.gnu-tools-for-stm32.14.3.rel1.win32_1.0.100.202602081740/tools/bin/../lib/gcc/arm-none-eabi/14.3.1/thumb/v7-m/nofp\libgcc.a(_arm_addsubsf3.o)
 .ARM.attributes
                0x0000085b       0x1d C:/ST/STM32CubeIDE_2.0.0/STM32CubeIDE/plugins/com.st.stm32cube.ide.mcu.externaltools.gnu-tools-for-stm32.14.3.rel1.win32_1.0.100.202602081740/tools/bin/../lib/gcc/arm-none-eabi/14.3.1/thumb/v7-m/nofp\libgcc.a(_arm_muldivsf3.o)
 .ARM.attributes
                0x00000878       0x1d C:/ST/STM32CubeIDE_2.0.0/STM32CubeIDE/plugins/com.st.stm32cube.ide.mcu.externaltools.gnu-tools-for-stm32.14.3.rel1.win32_1.0.100.202602081740/tools/bin/../lib/gcc/arm-none-eabi/14.3.1/thumb/v7-m/nofp\libgcc.a(_arm_cmpsf2.o)
 .ARM.attributes
                0x00000895       0x1d C:/ST/STM32CubeIDE_2.0.0/STM32CubeIDE/plugins/com.st.stm32cube.ide.mcu.externaltools.gnu-tools-for-stm32.14.3.rel1.win32_1.0.100.202602081740/tools/bin/../lib/gcc/arm-none-eabi/14.3.1/thumb/v7-m/nofp\libgcc.a(_arm_fixunssfsi.o)
 .ARM.attributes
                0x000008b2       0x1d C:/ST/STM32CubeIDE_2.0.0/STM32CubeIDE/plugins/com.st.stm32cube.ide.mcu.externaltools.gnu-tools-for-stm32.14.3.rel1.win32_1.0.100.202602081740/tools/bin/../lib/gcc/arm-none-eabi/14.3.1/thumb/v7-m/nofp/crtn.o
OUTPUT(TestThermocouple.elf elf32-littlearm)
LOAD linker stubs
LOAD C:/ST/STM32CubeIDE_2.0.0/STM32CubeIDE/plugins/com.st.stm32cube.ide.mcu.externaltools.gnu-tools-for-stm32.14.3.rel1.win32_1.0.100.202602081740/tools/bin/../lib/gcc/arm-none-eabi/14.3.1/../../../../arm-none-eabi/lib/thumb/v7-m/nofp\libc.a
LOAD C:/ST/STM32CubeIDE_2.0.0/STM32CubeIDE/plugins/com.st.stm32cube.ide.mcu.externaltools.gnu-tools-for-stm32.14.3.rel1.win32_1.0.100.202602081740/tools/bin/../lib/gcc/arm-none-eabi/14.3.1/../../../../arm-none-eabi/lib/thumb/v7-m/nofp\libm.a
LOAD C:/ST/STM32CubeIDE_2.0.0/STM32CubeIDE/plugins/com.st.stm32cube.ide.mcu.externaltools.gnu-tools-for-stm32.14.3.rel1.win32_1.0.100.202602081740/tools/bin/../lib/gcc/arm-none-eabi/14.3.1/thumb/v7-m/nofp\libgcc.a

.debug_info     0x00000000    0x13eff
 .debug_info    0x00000000     0x15c3 ./Application/User/Core/main.o
 .debug_info    0x000015c3      0xb00 ./Application/User/Core/stm32f1xx_hal_msp.o
 .debug_info    0x000020c3      0x612 ./Application/User/Core/stm32f1xx_it.o
 .debug_info    0x000026d5      0x175 ./Application/User/Core/sysmem.o
 .debug_info    0x0000284a     0x13e7 ./Application/User/Core/thermocouple.o
 .debug_info    0x00003c31       0x30 ./Application/User/Startup/startup_stm32f103c8tx.o
 .debug_info    0x00003c61      0x6c3 ./Application/User/USB_DEVICE/App/usb_device.o
 .debug_info    0x00004324      0x8f6 ./Application/User/USB_DEVICE/App/usbd_cdc_if.o
 .debug_info    0x00004c1a      0x658 ./Application/User/USB_DEVICE/App/usbd_desc.o
 .debug_info    0x00005272     0x1cf0 ./Application/User/USB_DEVICE/Target/usbd_conf.o
 .debug_info    0x00006f62      0x231 ./Drivers/CMSIS/system_stm32f1xx.o
 .debug_info    0x00007193      0x7dc ./Drivers/STM32F1xx_HAL_Driver/stm32f1xx_hal.o
 .debug_info    0x0000796f      0xea9 ./Drivers/STM32F1xx_HAL_Driver/stm32f1xx_hal_adc.o
 .debug_info    0x00008818      0xced ./Drivers/STM32F1xx_HAL_Driver/stm32f1xx_hal_cortex.o
 .debug_info    0x00009505      0x612 ./Drivers/STM32F1xx_HAL_Driver/stm32f1xx_hal_gpio.o
 .debug_info    0x00009b17     0x22d2 ./Drivers/STM32F1xx_HAL_Driver/stm32f1xx_hal_pcd.o
 .debug_info    0x0000bde9      0x6c8 ./Drivers/STM32F1xx_HAL_Driver/stm32f1xx_hal_pcd_ex.o
 .debug_info    0x0000c4b1      0x9fb ./Drivers/STM32F1xx_HAL_Driver/stm32f1xx_hal_rcc.o
 .debug_info    0x0000ceac      0x420 ./Drivers/STM32F1xx_HAL_Driver/stm32f1xx_hal_rcc_ex.o
 .debug_info    0x0000d2cc     0x1cbb ./Drivers/STM32F1xx_HAL_Driver/stm32f1xx_hal_spi.o
 .debug_info    0x0000ef87     0x195a ./Drivers/STM32F1xx_HAL_Driver/stm32f1xx_ll_usb.o
 .debug_info    0x000108e1     0x12c9 ./Middlewares/USB_Device_Library/usbd_cdc.o
 .debug_info    0x00011baa      0xdc0 ./Middlewares/USB_Device_Library/usbd_core.o
 .debug_info    0x0001296a      0xd5d ./Middlewares/USB_Device_Library/usbd_ctlreq.o
 .debug_info    0x000136c7      0x838 ./Middlewares/USB_Device_Library/usbd_ioreq.o

.debug_abbrev   0x00000000     0x3dd9
 .debug_abbrev  0x00000000      0x37e ./Application/User/Core/main.o
 .debug_abbrev  0x0000037e      0x1bc ./Application/User/Core/stm32f1xx_hal_msp.o
 .debug_abbrev  0x0000053a      0x1d5 ./Application/User/Core/stm32f1xx_it.o
 .debug_abbrev  0x0000070f       0xec ./Application/User/Core/sysmem.o
 .debug_abbrev  0x000007fb      0x34a ./Application/User/Core/thermocouple.o
 .debug_abbrev  0x00000b45       0x24 ./Application/User/Startup/startup_stm32f103c8tx.o
 .debug_abbrev  0x00000b69      0x1b6 ./Application/User/USB_DEVICE/App/usb_device.o
 .debug_abbrev  0x00000d1f      0x2ad ./Application/User/USB_DEVICE/App/usbd_cdc_if.o
 .debug_abbrev  0x00000fcc      0x2c1 ./Application/User/USB_DEVICE/App/usbd_desc.o
 .debug_abbrev  0x0000128d      0x35a ./Application/User/USB_DEVICE/Target/usbd_conf.o
 .debug_abbrev  0x000015e7      0x145 ./Drivers/CMSIS/system_stm32f1xx.o
 .debug_abbrev  0x0000172c      0x272 ./Drivers/STM32F1xx_HAL_Driver/stm32f1xx_hal.o
 .debug_abbrev  0x0000199e      0x278 ./Drivers/STM32F1xx_HAL_Driver/stm32f1xx_hal_adc.o
 .debug_abbrev  0x00001c16      0x36b ./Drivers/STM32F1xx_HAL_Driver/stm32f1xx_hal_cortex.o
 .debug_abbrev  0x00001f81      0x200 ./Drivers/STM32F1xx_HAL_Driver/stm32f1xx_hal_gpio.o
 .debug_abbrev  0x00002181      0x419 ./Drivers/STM32F1xx_HAL_Driver/stm32f1xx_hal_pcd.o
 .debug_abbrev  0x0000259a      0x1d3 ./Drivers/STM32F1xx_HAL_Driver/stm32f1xx_hal_pcd_ex.o
 .debug_abbrev  0x0000276d      0x2ff ./Drivers/STM32F1xx_HAL_Driver/stm32f1xx_hal_rcc.o
 .debug_abbrev  0x00002a6c      0x1d8 ./Drivers/STM32F1xx_HAL_Driver/stm32f1xx_hal_rcc_ex.o
 .debug_abbrev  0x00002c44      0x369 ./Drivers/STM32F1xx_HAL_Driver/stm32f1xx_hal_spi.o
 .debug_abbrev  0x00002fad      0x29c ./Drivers/STM32F1xx_HAL_Driver/stm32f1xx_ll_usb.o
 .debug_abbrev  0x00003249      0x335 ./Middlewares/USB_Device_Library/usbd_cdc.o
 .debug_abbrev  0x0000357e      0x2f4 ./Middlewares/USB_Device_Library/usbd_core.o
 .debug_abbrev  0x00003872      0x3b1 ./Middlewares/USB_Device_Library/usbd_ctlreq.o
 .debug_abbrev  0x00003c23      0x1b6 ./Middlewares/USB_Device_Library/usbd_ioreq.o

.debug_aranges  0x00000000      0xd00
 .debug_aranges
                0x00000000       0x30 ./Application/User/Core/main.o
 .debug_aranges
                0x00000030       0x40 ./Application/User/Core/stm32f1xx_hal_msp.o
 .debug_aranges
                0x00000070       0x68 ./Application/User/Core/stm32f1xx_it.o
 .debug_aranges
                0x000000d8       0x20 ./Application/User/Core/sysmem.o
 .debug_aranges
                0x000000f8       0x68 ./Application/User/Core/thermocouple.o
 .debug_aranges
                0x00000160       0x28 ./Application/User/Startup/startup_stm32f103c8tx.o
 .debug_aranges
                0x00000188       0x20 ./Application/User/USB_DEVICE/App/usb_device.o
 .debug_aranges
                0x000001a8       0x40 ./Application/User/USB_DEVICE/App/usbd_cdc_if.o
 .debug_aranges
                0x000001e8       0x58 ./Application/User/USB_DEVICE/App/usbd_desc.o
 .debug_aranges
                0x00000240      0x118 ./Application/User/USB_DEVICE/Target/usbd_conf.o
 .debug_aranges
                0x00000358       0x28 ./Drivers/CMSIS/system_stm32f1xx.o
 .debug_aranges
                0x00000380       0xe0 ./Drivers/STM32F1xx_HAL_Driver/stm32f1xx_hal.o
 .debug_aranges
                0x00000460       0xf0 ./Drivers/STM32F1xx_HAL_Driver/stm32f1xx_hal_adc.o
 .debug_aranges
                0x00000550       0x90 ./Drivers/STM32F1xx_HAL_Driver/stm32f1xx_hal_cortex.o
 .debug_aranges
                0x000005e0       0x58 ./Drivers/STM32F1xx_HAL_Driver/stm32f1xx_hal_gpio.o
 .debug_aranges
                0x00000638      0x128 ./Drivers/STM32F1xx_HAL_Driver/stm32f1xx_hal_pcd.o
 .debug_aranges
                0x00000760       0x38 ./Drivers/STM32F1xx_HAL_Driver/stm32f1xx_hal_pcd_ex.o
 .debug_aranges
                0x00000798       0x88 ./Drivers/STM32F1xx_HAL_Driver/stm32f1xx_hal_rcc.o
 .debug_aranges
                0x00000820       0x30 ./Drivers/STM32F1xx_HAL_Driver/stm32f1xx_hal_rcc_ex.o
 .debug_aranges
                0x00000850      0x1d0 ./Drivers/STM32F1xx_HAL_Driver/stm32f1xx_hal_spi.o
 .debug_aranges
                0x00000a20       0xf8 ./Drivers/STM32F1xx_HAL_Driver/stm32f1xx_ll_usb.o
 .debug_aranges
                0x00000b18       0x90 ./Middlewares/USB_Device_Library/usbd_cdc.o
 .debug_aranges
                0x00000ba8       0xb8 ./Middlewares/USB_Device_Library/usbd_core.o
 .debug_aranges
                0x00000c60       0x50 ./Middlewares/USB_Device_Library/usbd_ctlreq.o
 .debug_aranges
                0x00000cb0       0x50 ./Middlewares/USB_Device_Library/usbd_ioreq.o

.debug_rnglists
                0x00000000      0xeb7
 .debug_rnglists
                0x00000000       0x5b ./Application/User/Core/main.o
 .debug_rnglists
                0x0000005b       0x6d ./Application/User/Core/stm32f1xx_hal_msp.o
 .debug_rnglists
                0x000000c8       0x49 ./Application/User/Core/stm32f1xx_it.o
 .debug_rnglists
                0x00000111       0x13 ./Application/User/Core/sysmem.o
 .debug_rnglists
                0x00000124       0xcc ./Application/User/Core/thermocouple.o
 .debug_rnglists
                0x000001f0       0x19 ./Application/User/Startup/startup_stm32f103c8tx.o
 .debug_rnglists
                0x00000209       0x13 ./Application/User/USB_DEVICE/App/usb_device.o
 .debug_rnglists
                0x0000021c       0x2b ./Application/User/USB_DEVICE/App/usbd_cdc_if.o
 .debug_rnglists
                0x00000247       0x3d ./Application/User/USB_DEVICE/App/usbd_desc.o
 .debug_rnglists
                0x00000284       0xe0 ./Application/User/USB_DEVICE/Target/usbd_conf.o
 .debug_rnglists
                0x00000364       0x19 ./Drivers/CMSIS/system_stm32f1xx.o
 .debug_rnglists
                0x0000037d       0xa3 ./Drivers/STM32F1xx_HAL_Driver/stm32f1xx_hal.o
 .debug_rnglists
                0x00000420       0xb7 ./Drivers/STM32F1xx_HAL_Driver/stm32f1xx_hal_adc.o
 .debug_rnglists
                0x000004d7       0xd3 ./Drivers/STM32F1xx_HAL_Driver/stm32f1xx_hal_cortex.o
 .debug_rnglists
                0x000005aa       0x51 ./Drivers/STM32F1xx_HAL_Driver/stm32f1xx_hal_gpio.o
 .debug_rnglists
                0x000005fb      0x1cc ./Drivers/STM32F1xx_HAL_Driver/stm32f1xx_hal_pcd.o
 .debug_rnglists
                0x000007c7       0x25 ./Drivers/STM32F1xx_HAL_Driver/stm32f1xx_hal_pcd_ex.o
 .debug_rnglists
                0x000007ec       0x85 ./Drivers/STM32F1xx_HAL_Driver/stm32f1xx_hal_rcc.o
 .debug_rnglists
                0x00000871       0x3f ./Drivers/STM32F1xx_HAL_Driver/stm32f1xx_hal_rcc_ex.o
 .debug_rnglists
                0x000008b0      0x18f ./Drivers/STM32F1xx_HAL_Driver/stm32f1xx_hal_spi.o
 .debug_rnglists
                0x00000a3f      0x2d7 ./Drivers/STM32F1xx_HAL_Driver/stm32f1xx_ll_usb.o
 .debug_rnglists
                0x00000d16       0x69 ./Middlewares/USB_Device_Library/usbd_cdc.o
 .debug_rnglists
                0x00000d7f       0x86 ./Middlewares/USB_Device_Library/usbd_core.o
 .debug_rnglists
                0x00000e05       0x7b ./Middlewares/USB_Device_Library/usbd_ctlreq.o
 .debug_rnglists
                0x00000e80       0x37 ./Middlewares/USB_Device_Library/usbd_ioreq.o

.debug_macro    0x00000000    0x1a591
 .debug_macro   0x00000000      0x396 ./Application/User/Core/main.o
 .debug_macro   0x00000396      0xad2 ./Application/User/Core/main.o
 .debug_macro   0x00000e68      0x221 ./Application/User/Core/main.o
 .debug_macro   0x00001089       0x2e ./Application/User/Core/main.o
 .debug_macro   0x000010b7       0x22 ./Application/User/Core/main.o
 .debug_macro   0x000010d9       0x22 ./Application/User/Core/main.o
 .debug_macro   0x000010fb       0x8e ./Application/User/Core/main.o
 .debug_macro   0x00001189       0x51 ./Application/User/Core/main.o
 .debug_macro   0x000011da      0x103 ./Application/User/Core/main.o
 .debug_macro   0x000012dd       0x6a ./Application/User/Core/main.o
 .debug_macro   0x00001347      0x1df ./Application/User/Core/main.o
 .debug_macro   0x00001526       0x1c ./Application/User/Core/main.o
 .debug_macro   0x00001542       0x22 ./Application/User/Core/main.o
 .debug_macro   0x00001564       0xbd ./Application/User/Core/main.o
 .debug_macro   0x00001621      0xd23 ./Application/User/Core/main.o
 .debug_macro   0x00002344     0xe09e ./Application/User/Core/main.o
 .debug_macro   0x000103e2       0x6d ./Application/User/Core/main.o
 .debug_macro   0x0001044f     0x34a2 ./Application/User/Core/main.o
 .debug_macro   0x000138f1      0x190 ./Application/User/Core/main.o
 .debug_macro   0x00013a81       0x5c ./Application/User/Core/main.o
 .debug_macro   0x00013add      0x5bc ./Application/User/Core/main.o
 .debug_macro   0x00014099      0x289 ./Application/User/Core/main.o
 .debug_macro   0x00014322      0x1cb ./Application/User/Core/main.o
 .debug_macro   0x000144ed      0x114 ./Application/User/Core/main.o
 .debug_macro   0x00014601      0x1b2 ./Application/User/Core/main.o
 .debug_macro   0x000147b3       0x27 ./Application/User/Core/main.o
 .debug_macro   0x000147da      0x136 ./Application/User/Core/main.o
 .debug_macro   0x00014910      0x1bc ./Application/User/Core/main.o
 .debug_macro   0x00014acc       0x34 ./Application/User/Core/main.o
 .debug_macro   0x00014b00       0x3c ./Application/User/Core/main.o
 .debug_macro   0x00014b3c       0x57 ./Application/User/Core/main.o
 .debug_macro   0x00014b93      0x46a ./Application/User/Core/main.o
 .debug_macro   0x00014ffd      0x1b5 ./Application/User/Core/main.o
 .debug_macro   0x000151b2       0x87 ./Application/User/Core/main.o
 .debug_macro   0x00015239      0x240 ./Application/User/Core/main.o
 .debug_macro   0x00015479      0x140 ./Application/User/Core/main.o
 .debug_macro   0x000155b9      0x217 ./Application/User/Core/main.o
 .debug_macro   0x000157d0       0xb7 ./Application/User/Core/main.o
 .debug_macro   0x00015887      0x242 ./Application/User/Core/main.o
 .debug_macro   0x00015ac9       0x83 ./Application/User/Core/main.o
 .debug_macro   0x00015b4c       0x70 ./Application/User/Core/main.o
 .debug_macro   0x00015bbc       0x61 ./Application/User/Core/main.o
 .debug_macro   0x00015c1d       0x24 ./Application/User/Core/main.o
 .debug_macro   0x00015c41       0x43 ./Application/User/Core/main.o
 .debug_macro   0x00015c84       0x34 ./Application/User/Core/main.o
 .debug_macro   0x00015cb8       0x16 ./Application/User/Core/main.o
 .debug_macro   0x00015cce       0x3c ./Application/User/Core/main.o
 .debug_macro   0x00015d0a      0x364 ./Application/User/Core/main.o
 .debug_macro   0x0001606e       0x10 ./Application/User/Core/main.o
 .debug_macro   0x0001607e       0x16 ./Application/User/Core/main.o
 .debug_macro   0x00016094       0x4a ./Application/User/Core/main.o
 .debug_macro   0x000160de       0x34 ./Application/User/Core/main.o
 .debug_macro   0x00016112       0x10 ./Application/User/Core/main.o
 .debug_macro   0x00016122       0x58 ./Application/User/Core/main.o
 .debug_macro   0x0001617a       0x8e ./Application/User/Core/main.o
 .debug_macro   0x00016208       0x1c ./Application/User/Core/main.o
 .debug_macro   0x00016224      0x17e ./Application/User/Core/main.o
 .debug_macro   0x000163a2       0x16 ./Application/User/Core/main.o
 .debug_macro   0x000163b8       0x16 ./Application/User/Core/main.o
 .debug_macro   0x000163ce      0x146 ./Application/User/Core/main.o
 .debug_macro   0x00016514       0x16 ./Application/User/Core/main.o
 .debug_macro   0x0001652a       0x16 ./Application/User/Core/main.o
 .debug_macro   0x00016540       0x29 ./Application/User/Core/main.o
 .debug_macro   0x00016569       0x16 ./Application/User/Core/main.o
 .debug_macro   0x0001657f       0x20 ./Application/User/Core/main.o
 .debug_macro   0x0001659f       0x5f ./Application/User/Core/main.o
 .debug_macro   0x000165fe      0x1c8 ./Application/User/Core/main.o
 .debug_macro   0x000167c6       0x1c ./Application/User/Core/main.o
 .debug_macro   0x000167e2       0x8f ./Application/User/Core/main.o
 .debug_macro   0x00016871       0x10 ./Application/User/Core/main.o
 .debug_macro   0x00016881      0x1d5 ./Application/User/Core/stm32f1xx_hal_msp.o
 .debug_macro   0x00016a56      0x1df ./Application/User/Core/stm32f1xx_it.o
 .debug_macro   0x00016c35      0x112 ./Application/User/Core/sysmem.o
 .debug_macro   0x00016d47      0x23c ./Application/User/Core/sysmem.o
 .debug_macro   0x00016f83      0x1e4 ./Application/User/Core/thermocouple.o
 .debug_macro   0x00017167      0x384 ./Application/User/USB_DEVICE/App/usb_device.o
 .debug_macro   0x000174eb       0x76 ./Application/User/USB_DEVICE/App/usb_device.o
 .debug_macro   0x00017561       0x22 ./Application/User/USB_DEVICE/App/usb_device.o
 .debug_macro   0x00017583       0x16 ./Application/User/USB_DEVICE/App/usb_device.o
 .debug_macro   0x00017599      0x36f ./Application/User/USB_DEVICE/App/usbd_cdc_if.o
 .debug_macro   0x00017908       0x9e ./Application/User/USB_DEVICE/App/usbd_cdc_if.o
 .debug_macro   0x000179a6      0x112 ./Application/User/USB_DEVICE/App/usbd_cdc_if.o
 .debug_macro   0x00017ab8       0x56 ./Application/User/USB_DEVICE/App/usbd_cdc_if.o
 .debug_macro   0x00017b0e      0x388 ./Application/User/USB_DEVICE/App/usbd_desc.o
 .debug_macro   0x00017e96      0x1ce ./Application/User/USB_DEVICE/App/usbd_desc.o
 .debug_macro   0x00018064       0x1c ./Application/User/USB_DEVICE/App/usbd_desc.o
 .debug_macro   0x00018080      0x368 ./Application/User/USB_DEVICE/Target/usbd_conf.o
 .debug_macro   0x000183e8      0x1c6 ./Drivers/CMSIS/system_stm32f1xx.o
 .debug_macro   0x000185ae      0x1ea ./Drivers/STM32F1xx_HAL_Driver/stm32f1xx_hal.o
 .debug_macro   0x00018798      0x1e3 ./Drivers/STM32F1xx_HAL_Driver/stm32f1xx_hal_adc.o
 .debug_macro   0x0001897b      0x1c6 ./Drivers/STM32F1xx_HAL_Driver/stm32f1xx_hal_cortex.o