D:/C_Projects/STM32/TestThermocouple/Core/Src/thermocouple.c:305:6:SetADC	16	static
D:/C_Projects/STM32/TestThermocouple/Core/Src/thermocouple.c:325:6:SetSPI	8	static
D:/C_Projects/STM32/TestThermocouple/Core/Src/thermocouple.c:383:6:SetThermocouple	8	static
D:/C_Projects/STM32/TestThermocouple/Core/Src/thermocouple.c:439:6:SetThermistor	24	static
D:/C_Projects/STM32/TestThermocouple/Core/Src/thermocouple.c:470:6:SetMAX6675	0	static
D:/C_Projects/STM32/TestThermocouple/Core/Src/thermocouple.c:521:6:SetTermColdJunc	0	static
D:/C_Projects/STM32/TestThermocouple/Core/Src/thermocouple.c:678:10:GetADC	24	static
D:/C_Projects/STM32/TestThermocouple/Core/Src/thermocouple.c:637:9:GetTempColdJunc	24	static
D:/C_Projects/STM32/TestThermocouple/Core/Src/thermocouple.c:556:10:Get_temperature	32	static
D:/C_Projects/STM32/TestThermocouple/Core/Src/thermocouple.c:706:6:SetVRef	24	static
